Archive member included to satisfy reference by file (symbol)

c:/users/mark/scoop/apps/gcc-arm-none-eabi/current/bin/../lib/gcc/arm-none-eabi/12.2.1/thumb/v7-m/nofp\libc_nano.a(libc_a-exit.o)
                              c:/users/mark/scoop/apps/gcc-arm-none-eabi/current/bin/../lib/gcc/arm-none-eabi/12.2.1/thumb/v7-m/nofp/crt0.o (exit)
c:/users/mark/scoop/apps/gcc-arm-none-eabi/current/bin/../lib/gcc/arm-none-eabi/12.2.1/thumb/v7-m/nofp\libc_nano.a(libc_a-findfp.o)
                              c:/users/mark/scoop/apps/gcc-arm-none-eabi/current/bin/../lib/gcc/arm-none-eabi/12.2.1/thumb/v7-m/nofp\libc_nano.a(libc_a-exit.o) (__stdio_exit_handler)
c:/users/mark/scoop/apps/gcc-arm-none-eabi/current/bin/../lib/gcc/arm-none-eabi/12.2.1/thumb/v7-m/nofp\libc_nano.a(libc_a-fwalk.o)
                              c:/users/mark/scoop/apps/gcc-arm-none-eabi/current/bin/../lib/gcc/arm-none-eabi/12.2.1/thumb/v7-m/nofp\libc_nano.a(libc_a-findfp.o) (_fwalk_sglue)
c:/users/mark/scoop/apps/gcc-arm-none-eabi/current/bin/../lib/gcc/arm-none-eabi/12.2.1/thumb/v7-m/nofp\libc_nano.a(libc_a-stdio.o)
                              c:/users/mark/scoop/apps/gcc-arm-none-eabi/current/bin/../lib/gcc/arm-none-eabi/12.2.1/thumb/v7-m/nofp\libc_nano.a(libc_a-findfp.o) (__sread)
c:/users/mark/scoop/apps/gcc-arm-none-eabi/current/bin/../lib/gcc/arm-none-eabi/12.2.1/thumb/v7-m/nofp\libc_nano.a(libc_a-memset.o)
                              c:/users/mark/scoop/apps/gcc-arm-none-eabi/current/bin/../lib/gcc/arm-none-eabi/12.2.1/thumb/v7-m/nofp/crt0.o (memset)
c:/users/mark/scoop/apps/gcc-arm-none-eabi/current/bin/../lib/gcc/arm-none-eabi/12.2.1/thumb/v7-m/nofp\libc_nano.a(libc_a-closer.o)
                              c:/users/mark/scoop/apps/gcc-arm-none-eabi/current/bin/../lib/gcc/arm-none-eabi/12.2.1/thumb/v7-m/nofp\libc_nano.a(libc_a-stdio.o) (_close_r)
c:/users/mark/scoop/apps/gcc-arm-none-eabi/current/bin/../lib/gcc/arm-none-eabi/12.2.1/thumb/v7-m/nofp\libc_nano.a(libc_a-reent.o)
                              c:/users/mark/scoop/apps/gcc-arm-none-eabi/current/bin/../lib/gcc/arm-none-eabi/12.2.1/thumb/v7-m/nofp\libc_nano.a(libc_a-closer.o) (errno)
c:/users/mark/scoop/apps/gcc-arm-none-eabi/current/bin/../lib/gcc/arm-none-eabi/12.2.1/thumb/v7-m/nofp\libc_nano.a(libc_a-impure.o)
                              c:/users/mark/scoop/apps/gcc-arm-none-eabi/current/bin/../lib/gcc/arm-none-eabi/12.2.1/thumb/v7-m/nofp\libc_nano.a(libc_a-reent.o) (_impure_ptr)
c:/users/mark/scoop/apps/gcc-arm-none-eabi/current/bin/../lib/gcc/arm-none-eabi/12.2.1/thumb/v7-m/nofp\libc_nano.a(libc_a-lseekr.o)
                              c:/users/mark/scoop/apps/gcc-arm-none-eabi/current/bin/../lib/gcc/arm-none-eabi/12.2.1/thumb/v7-m/nofp\libc_nano.a(libc_a-stdio.o) (_lseek_r)
c:/users/mark/scoop/apps/gcc-arm-none-eabi/current/bin/../lib/gcc/arm-none-eabi/12.2.1/thumb/v7-m/nofp\libc_nano.a(libc_a-readr.o)
                              c:/users/mark/scoop/apps/gcc-arm-none-eabi/current/bin/../lib/gcc/arm-none-eabi/12.2.1/thumb/v7-m/nofp\libc_nano.a(libc_a-stdio.o) (_read_r)
c:/users/mark/scoop/apps/gcc-arm-none-eabi/current/bin/../lib/gcc/arm-none-eabi/12.2.1/thumb/v7-m/nofp\libc_nano.a(libc_a-writer.o)
                              c:/users/mark/scoop/apps/gcc-arm-none-eabi/current/bin/../lib/gcc/arm-none-eabi/12.2.1/thumb/v7-m/nofp\libc_nano.a(libc_a-stdio.o) (_write_r)
c:/users/mark/scoop/apps/gcc-arm-none-eabi/current/bin/../lib/gcc/arm-none-eabi/12.2.1/thumb/v7-m/nofp\libc_nano.a(libc_a-init.o)
                              c:/users/mark/scoop/apps/gcc-arm-none-eabi/current/bin/../lib/gcc/arm-none-eabi/12.2.1/thumb/v7-m/nofp/crt0.o (__libc_init_array)
c:/users/mark/scoop/apps/gcc-arm-none-eabi/current/bin/../lib/gcc/arm-none-eabi/12.2.1/thumb/v7-m/nofp\libc_nano.a(libc_a-lock.o)
                              c:/users/mark/scoop/apps/gcc-arm-none-eabi/current/bin/../lib/gcc/arm-none-eabi/12.2.1/thumb/v7-m/nofp\libc_nano.a(libc_a-findfp.o) (__retarget_lock_init_recursive)
c:/users/mark/scoop/apps/gcc-arm-none-eabi/current/bin/../lib/gcc/arm-none-eabi/12.2.1/thumb/v7-m/nofp\libc_nano.a(libc_a-freer.o)
                              c:/users/mark/scoop/apps/gcc-arm-none-eabi/current/bin/../lib/gcc/arm-none-eabi/12.2.1/thumb/v7-m/nofp\libc_nano.a(libc_a-reent.o) (_free_r)
c:/users/mark/scoop/apps/gcc-arm-none-eabi/current/bin/../lib/gcc/arm-none-eabi/12.2.1/thumb/v7-m/nofp\libc_nano.a(libc_a-mallocr.o)
                              c:/users/mark/scoop/apps/gcc-arm-none-eabi/current/bin/../lib/gcc/arm-none-eabi/12.2.1/thumb/v7-m/nofp\libc_nano.a(libc_a-findfp.o) (_malloc_r)
c:/users/mark/scoop/apps/gcc-arm-none-eabi/current/bin/../lib/gcc/arm-none-eabi/12.2.1/thumb/v7-m/nofp\libc_nano.a(libc_a-mlock.o)
                              c:/users/mark/scoop/apps/gcc-arm-none-eabi/current/bin/../lib/gcc/arm-none-eabi/12.2.1/thumb/v7-m/nofp\libc_nano.a(libc_a-freer.o) (__malloc_lock)
c:/users/mark/scoop/apps/gcc-arm-none-eabi/current/bin/../lib/gcc/arm-none-eabi/12.2.1/thumb/v7-m/nofp\libc_nano.a(libc_a-fflush.o)
                              c:/users/mark/scoop/apps/gcc-arm-none-eabi/current/bin/../lib/gcc/arm-none-eabi/12.2.1/thumb/v7-m/nofp\libc_nano.a(libc_a-findfp.o) (_fflush_r)
c:/users/mark/scoop/apps/gcc-arm-none-eabi/current/bin/../lib/gcc/arm-none-eabi/12.2.1/thumb/v7-m/nofp\libc_nano.a(libc_a-sbrkr.o)
                              c:/users/mark/scoop/apps/gcc-arm-none-eabi/current/bin/../lib/gcc/arm-none-eabi/12.2.1/thumb/v7-m/nofp\libc_nano.a(libc_a-mallocr.o) (_sbrk_r)
c:/users/mark/scoop/apps/gcc-arm-none-eabi/current/bin/../lib/gcc/arm-none-eabi/12.2.1/thumb/v7-m/nofp\libnosys.a(close.o)
                              c:/users/mark/scoop/apps/gcc-arm-none-eabi/current/bin/../lib/gcc/arm-none-eabi/12.2.1/thumb/v7-m/nofp\libc_nano.a(libc_a-closer.o) (_close)
c:/users/mark/scoop/apps/gcc-arm-none-eabi/current/bin/../lib/gcc/arm-none-eabi/12.2.1/thumb/v7-m/nofp\libnosys.a(lseek.o)
                              c:/users/mark/scoop/apps/gcc-arm-none-eabi/current/bin/../lib/gcc/arm-none-eabi/12.2.1/thumb/v7-m/nofp\libc_nano.a(libc_a-lseekr.o) (_lseek)
c:/users/mark/scoop/apps/gcc-arm-none-eabi/current/bin/../lib/gcc/arm-none-eabi/12.2.1/thumb/v7-m/nofp\libnosys.a(read.o)
                              c:/users/mark/scoop/apps/gcc-arm-none-eabi/current/bin/../lib/gcc/arm-none-eabi/12.2.1/thumb/v7-m/nofp\libc_nano.a(libc_a-readr.o) (_read)
c:/users/mark/scoop/apps/gcc-arm-none-eabi/current/bin/../lib/gcc/arm-none-eabi/12.2.1/thumb/v7-m/nofp\libnosys.a(sbrk.o)
                              c:/users/mark/scoop/apps/gcc-arm-none-eabi/current/bin/../lib/gcc/arm-none-eabi/12.2.1/thumb/v7-m/nofp\libc_nano.a(libc_a-sbrkr.o) (_sbrk)
c:/users/mark/scoop/apps/gcc-arm-none-eabi/current/bin/../lib/gcc/arm-none-eabi/12.2.1/thumb/v7-m/nofp\libnosys.a(write.o)
                              c:/users/mark/scoop/apps/gcc-arm-none-eabi/current/bin/../lib/gcc/arm-none-eabi/12.2.1/thumb/v7-m/nofp\libc_nano.a(libc_a-writer.o) (_write)
c:/users/mark/scoop/apps/gcc-arm-none-eabi/current/bin/../lib/gcc/arm-none-eabi/12.2.1/thumb/v7-m/nofp\libnosys.a(_exit.o)
                              c:/users/mark/scoop/apps/gcc-arm-none-eabi/current/bin/../lib/gcc/arm-none-eabi/12.2.1/thumb/v7-m/nofp\libc_nano.a(libc_a-exit.o) (_exit)

Discarded input sections

 .text          0x00000000        0x0 c:/users/mark/scoop/apps/gcc-arm-none-eabi/current/bin/../lib/gcc/arm-none-eabi/12.2.1/thumb/v7-m/nofp/crti.o
 .data          0x00000000        0x0 c:/users/mark/scoop/apps/gcc-arm-none-eabi/current/bin/../lib/gcc/arm-none-eabi/12.2.1/thumb/v7-m/nofp/crti.o
 .bss           0x00000000        0x0 c:/users/mark/scoop/apps/gcc-arm-none-eabi/current/bin/../lib/gcc/arm-none-eabi/12.2.1/thumb/v7-m/nofp/crti.o
 .text          0x00000000        0x0 c:/users/mark/scoop/apps/gcc-arm-none-eabi/current/bin/../lib/gcc/arm-none-eabi/12.2.1/thumb/v7-m/nofp/crtbegin.o
 .data          0x00000000        0x0 c:/users/mark/scoop/apps/gcc-arm-none-eabi/current/bin/../lib/gcc/arm-none-eabi/12.2.1/thumb/v7-m/nofp/crtbegin.o
 .bss           0x00000000        0x0 c:/users/mark/scoop/apps/gcc-arm-none-eabi/current/bin/../lib/gcc/arm-none-eabi/12.2.1/thumb/v7-m/nofp/crtbegin.o
 .rodata.all_implied_fbits
                0x00000000       0x24 c:/users/mark/scoop/apps/gcc-arm-none-eabi/current/bin/../lib/gcc/arm-none-eabi/12.2.1/thumb/v7-m/nofp/crtbegin.o
 .data.__dso_handle
                0x00000000        0x4 c:/users/mark/scoop/apps/gcc-arm-none-eabi/current/bin/../lib/gcc/arm-none-eabi/12.2.1/thumb/v7-m/nofp/crtbegin.o
 .text          0x00000000       0x7c c:/users/mark/scoop/apps/gcc-arm-none-eabi/current/bin/../lib/gcc/arm-none-eabi/12.2.1/thumb/v7-m/nofp/crt0.o
 .data          0x00000000        0x0 c:/users/mark/scoop/apps/gcc-arm-none-eabi/current/bin/../lib/gcc/arm-none-eabi/12.2.1/thumb/v7-m/nofp/crt0.o
 .bss           0x00000000        0x0 c:/users/mark/scoop/apps/gcc-arm-none-eabi/current/bin/../lib/gcc/arm-none-eabi/12.2.1/thumb/v7-m/nofp/crt0.o
 .ARM.extab     0x00000000        0x0 c:/users/mark/scoop/apps/gcc-arm-none-eabi/current/bin/../lib/gcc/arm-none-eabi/12.2.1/thumb/v7-m/nofp/crt0.o
 .ARM.exidx     0x00000000       0x10 c:/users/mark/scoop/apps/gcc-arm-none-eabi/current/bin/../lib/gcc/arm-none-eabi/12.2.1/thumb/v7-m/nofp/crt0.o
 .debug_line_str
                0x00000000       0xdf c:/users/mark/scoop/apps/gcc-arm-none-eabi/current/bin/../lib/gcc/arm-none-eabi/12.2.1/thumb/v7-m/nofp/crt0.o
 .ARM.attributes
                0x00000000       0x1b c:/users/mark/scoop/apps/gcc-arm-none-eabi/current/bin/../lib/gcc/arm-none-eabi/12.2.1/thumb/v7-m/nofp/crt0.o
 .text          0x00000000        0x0 build/main.o
 .data          0x00000000        0x0 build/main.o
 .bss           0x00000000        0x0 build/main.o
 .text          0x00000000        0x0 build/it.o
 .data          0x00000000        0x0 build/it.o
 .bss           0x00000000        0x0 build/it.o
 .text          0x00000000        0x0 build/system.o
 .data          0x00000000        0x0 build/system.o
 .bss           0x00000000        0x0 build/system.o
 .rodata.APBPrescTable
                0x00000000        0x8 build/system.o
 .text          0x00000000        0x0 build/gpio.o
 .data          0x00000000        0x0 build/gpio.o
 .bss           0x00000000        0x0 build/gpio.o
 .text          0x00000000        0x0 build/rcc.o
 .data          0x00000000        0x0 build/rcc.o
 .bss           0x00000000        0x0 build/rcc.o
 .text.SuspendTick
                0x00000000        0xe build/rcc.o
 .text.ResumeTick
                0x00000000        0xe build/rcc.o
 .text          0x00000000        0x0 build/led.o
 .data          0x00000000        0x0 build/led.o
 .bss           0x00000000        0x0 build/led.o
 .text          0x00000000       0x14 build/startup_stm32f103xb.o
 .data          0x00000000        0x0 build/startup_stm32f103xb.o
 .bss           0x00000000        0x0 build/startup_stm32f103xb.o
 .text          0x00000000        0x0 c:/users/mark/scoop/apps/gcc-arm-none-eabi/current/bin/../lib/gcc/arm-none-eabi/12.2.1/thumb/v7-m/nofp\libc_nano.a(libc_a-exit.o)
 .data          0x00000000        0x0 c:/users/mark/scoop/apps/gcc-arm-none-eabi/current/bin/../lib/gcc/arm-none-eabi/12.2.1/thumb/v7-m/nofp\libc_nano.a(libc_a-exit.o)
 .bss           0x00000000        0x0 c:/users/mark/scoop/apps/gcc-arm-none-eabi/current/bin/../lib/gcc/arm-none-eabi/12.2.1/thumb/v7-m/nofp\libc_nano.a(libc_a-exit.o)
 .text.exit     0x00000000       0x24 c:/users/mark/scoop/apps/gcc-arm-none-eabi/current/bin/../lib/gcc/arm-none-eabi/12.2.1/thumb/v7-m/nofp\libc_nano.a(libc_a-exit.o)
 .debug_frame   0x00000000       0x28 c:/users/mark/scoop/apps/gcc-arm-none-eabi/current/bin/../lib/gcc/arm-none-eabi/12.2.1/thumb/v7-m/nofp\libc_nano.a(libc_a-exit.o)
 .ARM.attributes
                0x00000000       0x2d c:/users/mark/scoop/apps/gcc-arm-none-eabi/current/bin/../lib/gcc/arm-none-eabi/12.2.1/thumb/v7-m/nofp\libc_nano.a(libc_a-exit.o)
 .text          0x00000000        0x0 c:/users/mark/scoop/apps/gcc-arm-none-eabi/current/bin/../lib/gcc/arm-none-eabi/12.2.1/thumb/v7-m/nofp\libc_nano.a(libc_a-findfp.o)
 .data          0x00000000        0x0 c:/users/mark/scoop/apps/gcc-arm-none-eabi/current/bin/../lib/gcc/arm-none-eabi/12.2.1/thumb/v7-m/nofp\libc_nano.a(libc_a-findfp.o)
 .bss           0x00000000        0x0 c:/users/mark/scoop/apps/gcc-arm-none-eabi/current/bin/../lib/gcc/arm-none-eabi/12.2.1/thumb/v7-m/nofp\libc_nano.a(libc_a-findfp.o)
 .text.std      0x00000000       0x6c c:/users/mark/scoop/apps/gcc-arm-none-eabi/current/bin/../lib/gcc/arm-none-eabi/12.2.1/thumb/v7-m/nofp\libc_nano.a(libc_a-findfp.o)
 .text.stdio_exit_handler
                0x00000000       0x18 c:/users/mark/scoop/apps/gcc-arm-none-eabi/current/bin/../lib/gcc/arm-none-eabi/12.2.1/thumb/v7-m/nofp\libc_nano.a(libc_a-findfp.o)
 .text.cleanup_stdio
                0x00000000       0x40 c:/users/mark/scoop/apps/gcc-arm-none-eabi/current/bin/../lib/gcc/arm-none-eabi/12.2.1/thumb/v7-m/nofp\libc_nano.a(libc_a-findfp.o)
 .text.__fp_lock
                0x00000000       0x18 c:/users/mark/scoop/apps/gcc-arm-none-eabi/current/bin/../lib/gcc/arm-none-eabi/12.2.1/thumb/v7-m/nofp\libc_nano.a(libc_a-findfp.o)
 .text.__fp_unlock
                0x00000000       0x18 c:/users/mark/scoop/apps/gcc-arm-none-eabi/current/bin/../lib/gcc/arm-none-eabi/12.2.1/thumb/v7-m/nofp\libc_nano.a(libc_a-findfp.o)
 .text.global_stdio_init.part.0
                0x00000000       0x3c c:/users/mark/scoop/apps/gcc-arm-none-eabi/current/bin/../lib/gcc/arm-none-eabi/12.2.1/thumb/v7-m/nofp\libc_nano.a(libc_a-findfp.o)
 .text.__sfp_lock_acquire
                0x00000000        0xc c:/users/mark/scoop/apps/gcc-arm-none-eabi/current/bin/../lib/gcc/arm-none-eabi/12.2.1/thumb/v7-m/nofp\libc_nano.a(libc_a-findfp.o)
 .text.__sfp_lock_release
                0x00000000        0xc c:/users/mark/scoop/apps/gcc-arm-none-eabi/current/bin/../lib/gcc/arm-none-eabi/12.2.1/thumb/v7-m/nofp\libc_nano.a(libc_a-findfp.o)
 .text.__sfp    0x00000000       0xa4 c:/users/mark/scoop/apps/gcc-arm-none-eabi/current/bin/../lib/gcc/arm-none-eabi/12.2.1/thumb/v7-m/nofp\libc_nano.a(libc_a-findfp.o)
 .text.__sinit  0x00000000       0x30 c:/users/mark/scoop/apps/gcc-arm-none-eabi/current/bin/../lib/gcc/arm-none-eabi/12.2.1/thumb/v7-m/nofp\libc_nano.a(libc_a-findfp.o)
 .text.__fp_lock_all
                0x00000000       0x1c c:/users/mark/scoop/apps/gcc-arm-none-eabi/current/bin/../lib/gcc/arm-none-eabi/12.2.1/thumb/v7-m/nofp\libc_nano.a(libc_a-findfp.o)
 .text.__fp_unlock_all
                0x00000000       0x1c c:/users/mark/scoop/apps/gcc-arm-none-eabi/current/bin/../lib/gcc/arm-none-eabi/12.2.1/thumb/v7-m/nofp\libc_nano.a(libc_a-findfp.o)
 .data.__sglue  0x00000000        0xc c:/users/mark/scoop/apps/gcc-arm-none-eabi/current/bin/../lib/gcc/arm-none-eabi/12.2.1/thumb/v7-m/nofp\libc_nano.a(libc_a-findfp.o)
 .bss.__sf      0x00000000      0x138 c:/users/mark/scoop/apps/gcc-arm-none-eabi/current/bin/../lib/gcc/arm-none-eabi/12.2.1/thumb/v7-m/nofp\libc_nano.a(libc_a-findfp.o)
 .bss.__stdio_exit_handler
                0x00000000        0x4 c:/users/mark/scoop/apps/gcc-arm-none-eabi/current/bin/../lib/gcc/arm-none-eabi/12.2.1/thumb/v7-m/nofp\libc_nano.a(libc_a-findfp.o)
 .debug_frame   0x00000000      0x144 c:/users/mark/scoop/apps/gcc-arm-none-eabi/current/bin/../lib/gcc/arm-none-eabi/12.2.1/thumb/v7-m/nofp\libc_nano.a(libc_a-findfp.o)
 .ARM.attributes
                0x00000000       0x2d c:/users/mark/scoop/apps/gcc-arm-none-eabi/current/bin/../lib/gcc/arm-none-eabi/12.2.1/thumb/v7-m/nofp\libc_nano.a(libc_a-findfp.o)
 .text          0x00000000        0x0 c:/users/mark/scoop/apps/gcc-arm-none-eabi/current/bin/../lib/gcc/arm-none-eabi/12.2.1/thumb/v7-m/nofp\libc_nano.a(libc_a-fwalk.o)
 .data          0x00000000        0x0 c:/users/mark/scoop/apps/gcc-arm-none-eabi/current/bin/../lib/gcc/arm-none-eabi/12.2.1/thumb/v7-m/nofp\libc_nano.a(libc_a-fwalk.o)
 .bss           0x00000000        0x0 c:/users/mark/scoop/apps/gcc-arm-none-eabi/current/bin/../lib/gcc/arm-none-eabi/12.2.1/thumb/v7-m/nofp\libc_nano.a(libc_a-fwalk.o)
 .text._fwalk_sglue
                0x00000000       0x3c c:/users/mark/scoop/apps/gcc-arm-none-eabi/current/bin/../lib/gcc/arm-none-eabi/12.2.1/thumb/v7-m/nofp\libc_nano.a(libc_a-fwalk.o)
 .debug_frame   0x00000000       0x34 c:/users/mark/scoop/apps/gcc-arm-none-eabi/current/bin/../lib/gcc/arm-none-eabi/12.2.1/thumb/v7-m/nofp\libc_nano.a(libc_a-fwalk.o)
 .ARM.attributes
                0x00000000       0x2d c:/users/mark/scoop/apps/gcc-arm-none-eabi/current/bin/../lib/gcc/arm-none-eabi/12.2.1/thumb/v7-m/nofp\libc_nano.a(libc_a-fwalk.o)
 .text          0x00000000        0x0 c:/users/mark/scoop/apps/gcc-arm-none-eabi/current/bin/../lib/gcc/arm-none-eabi/12.2.1/thumb/v7-m/nofp\libc_nano.a(libc_a-stdio.o)
 .data          0x00000000        0x0 c:/users/mark/scoop/apps/gcc-arm-none-eabi/current/bin/../lib/gcc/arm-none-eabi/12.2.1/thumb/v7-m/nofp\libc_nano.a(libc_a-stdio.o)
 .bss           0x00000000        0x0 c:/users/mark/scoop/apps/gcc-arm-none-eabi/current/bin/../lib/gcc/arm-none-eabi/12.2.1/thumb/v7-m/nofp\libc_nano.a(libc_a-stdio.o)
 .text.__sread  0x00000000       0x22 c:/users/mark/scoop/apps/gcc-arm-none-eabi/current/bin/../lib/gcc/arm-none-eabi/12.2.1/thumb/v7-m/nofp\libc_nano.a(libc_a-stdio.o)
 .text.__seofread
                0x00000000        0x4 c:/users/mark/scoop/apps/gcc-arm-none-eabi/current/bin/../lib/gcc/arm-none-eabi/12.2.1/thumb/v7-m/nofp\libc_nano.a(libc_a-stdio.o)
 .text.__swrite
                0x00000000       0x38 c:/users/mark/scoop/apps/gcc-arm-none-eabi/current/bin/../lib/gcc/arm-none-eabi/12.2.1/thumb/v7-m/nofp\libc_nano.a(libc_a-stdio.o)
 .text.__sseek  0x00000000       0x24 c:/users/mark/scoop/apps/gcc-arm-none-eabi/current/bin/../lib/gcc/arm-none-eabi/12.2.1/thumb/v7-m/nofp\libc_nano.a(libc_a-stdio.o)
 .text.__sclose
                0x00000000        0x8 c:/users/mark/scoop/apps/gcc-arm-none-eabi/current/bin/../lib/gcc/arm-none-eabi/12.2.1/thumb/v7-m/nofp\libc_nano.a(libc_a-stdio.o)
 .debug_frame   0x00000000       0x88 c:/users/mark/scoop/apps/gcc-arm-none-eabi/current/bin/../lib/gcc/arm-none-eabi/12.2.1/thumb/v7-m/nofp\libc_nano.a(libc_a-stdio.o)
 .ARM.attributes
                0x00000000       0x2d c:/users/mark/scoop/apps/gcc-arm-none-eabi/current/bin/../lib/gcc/arm-none-eabi/12.2.1/thumb/v7-m/nofp\libc_nano.a(libc_a-stdio.o)
 .text          0x00000000        0x0 c:/users/mark/scoop/apps/gcc-arm-none-eabi/current/bin/../lib/gcc/arm-none-eabi/12.2.1/thumb/v7-m/nofp\libc_nano.a(libc_a-memset.o)
 .data          0x00000000        0x0 c:/users/mark/scoop/apps/gcc-arm-none-eabi/current/bin/../lib/gcc/arm-none-eabi/12.2.1/thumb/v7-m/nofp\libc_nano.a(libc_a-memset.o)
 .bss           0x00000000        0x0 c:/users/mark/scoop/apps/gcc-arm-none-eabi/current/bin/../lib/gcc/arm-none-eabi/12.2.1/thumb/v7-m/nofp\libc_nano.a(libc_a-memset.o)
 .text.memset   0x00000000       0x10 c:/users/mark/scoop/apps/gcc-arm-none-eabi/current/bin/../lib/gcc/arm-none-eabi/12.2.1/thumb/v7-m/nofp\libc_nano.a(libc_a-memset.o)
 .debug_frame   0x00000000       0x20 c:/users/mark/scoop/apps/gcc-arm-none-eabi/current/bin/../lib/gcc/arm-none-eabi/12.2.1/thumb/v7-m/nofp\libc_nano.a(libc_a-memset.o)
 .ARM.attributes
                0x00000000       0x2d c:/users/mark/scoop/apps/gcc-arm-none-eabi/current/bin/../lib/gcc/arm-none-eabi/12.2.1/thumb/v7-m/nofp\libc_nano.a(libc_a-memset.o)
 .text          0x00000000        0x0 c:/users/mark/scoop/apps/gcc-arm-none-eabi/current/bin/../lib/gcc/arm-none-eabi/12.2.1/thumb/v7-m/nofp\libc_nano.a(libc_a-closer.o)
 .data          0x00000000        0x0 c:/users/mark/scoop/apps/gcc-arm-none-eabi/current/bin/../lib/gcc/arm-none-eabi/12.2.1/thumb/v7-m/nofp\libc_nano.a(libc_a-closer.o)
 .bss           0x00000000        0x0 c:/users/mark/scoop/apps/gcc-arm-none-eabi/current/bin/../lib/gcc/arm-none-eabi/12.2.1/thumb/v7-m/nofp\libc_nano.a(libc_a-closer.o)
 .text._close_r
                0x00000000       0x20 c:/users/mark/scoop/apps/gcc-arm-none-eabi/current/bin/../lib/gcc/arm-none-eabi/12.2.1/thumb/v7-m/nofp\libc_nano.a(libc_a-closer.o)
 .debug_frame   0x00000000       0x2c c:/users/mark/scoop/apps/gcc-arm-none-eabi/current/bin/../lib/gcc/arm-none-eabi/12.2.1/thumb/v7-m/nofp\libc_nano.a(libc_a-closer.o)
 .ARM.attributes
                0x00000000       0x2d c:/users/mark/scoop/apps/gcc-arm-none-eabi/current/bin/../lib/gcc/arm-none-eabi/12.2.1/thumb/v7-m/nofp\libc_nano.a(libc_a-closer.o)
 .text          0x00000000        0x0 c:/users/mark/scoop/apps/gcc-arm-none-eabi/current/bin/../lib/gcc/arm-none-eabi/12.2.1/thumb/v7-m/nofp\libc_nano.a(libc_a-reent.o)
 .data          0x00000000        0x0 c:/users/mark/scoop/apps/gcc-arm-none-eabi/current/bin/../lib/gcc/arm-none-eabi/12.2.1/thumb/v7-m/nofp\libc_nano.a(libc_a-reent.o)
 .bss           0x00000000        0x0 c:/users/mark/scoop/apps/gcc-arm-none-eabi/current/bin/../lib/gcc/arm-none-eabi/12.2.1/thumb/v7-m/nofp\libc_nano.a(libc_a-reent.o)
 .text._reclaim_reent
                0x00000000       0xac c:/users/mark/scoop/apps/gcc-arm-none-eabi/current/bin/../lib/gcc/arm-none-eabi/12.2.1/thumb/v7-m/nofp\libc_nano.a(libc_a-reent.o)
 .bss.errno     0x00000000        0x4 c:/users/mark/scoop/apps/gcc-arm-none-eabi/current/bin/../lib/gcc/arm-none-eabi/12.2.1/thumb/v7-m/nofp\libc_nano.a(libc_a-reent.o)
 .debug_frame   0x00000000       0x38 c:/users/mark/scoop/apps/gcc-arm-none-eabi/current/bin/../lib/gcc/arm-none-eabi/12.2.1/thumb/v7-m/nofp\libc_nano.a(libc_a-reent.o)
 .ARM.attributes
                0x00000000       0x2d c:/users/mark/scoop/apps/gcc-arm-none-eabi/current/bin/../lib/gcc/arm-none-eabi/12.2.1/thumb/v7-m/nofp\libc_nano.a(libc_a-reent.o)
 .text          0x00000000        0x0 c:/users/mark/scoop/apps/gcc-arm-none-eabi/current/bin/../lib/gcc/arm-none-eabi/12.2.1/thumb/v7-m/nofp\libc_nano.a(libc_a-impure.o)
 .data          0x00000000        0x0 c:/users/mark/scoop/apps/gcc-arm-none-eabi/current/bin/../lib/gcc/arm-none-eabi/12.2.1/thumb/v7-m/nofp\libc_nano.a(libc_a-impure.o)
 .bss           0x00000000        0x0 c:/users/mark/scoop/apps/gcc-arm-none-eabi/current/bin/../lib/gcc/arm-none-eabi/12.2.1/thumb/v7-m/nofp\libc_nano.a(libc_a-impure.o)
 .data._impure_ptr
                0x00000000        0x4 c:/users/mark/scoop/apps/gcc-arm-none-eabi/current/bin/../lib/gcc/arm-none-eabi/12.2.1/thumb/v7-m/nofp\libc_nano.a(libc_a-impure.o)
 .data._impure_data
                0x00000000       0x4c c:/users/mark/scoop/apps/gcc-arm-none-eabi/current/bin/../lib/gcc/arm-none-eabi/12.2.1/thumb/v7-m/nofp\libc_nano.a(libc_a-impure.o)
 .ARM.attributes
                0x00000000       0x2d c:/users/mark/scoop/apps/gcc-arm-none-eabi/current/bin/../lib/gcc/arm-none-eabi/12.2.1/thumb/v7-m/nofp\libc_nano.a(libc_a-impure.o)
 .text          0x00000000        0x0 c:/users/mark/scoop/apps/gcc-arm-none-eabi/current/bin/../lib/gcc/arm-none-eabi/12.2.1/thumb/v7-m/nofp\libc_nano.a(libc_a-lseekr.o)
 .data          0x00000000        0x0 c:/users/mark/scoop/apps/gcc-arm-none-eabi/current/bin/../lib/gcc/arm-none-eabi/12.2.1/thumb/v7-m/nofp\libc_nano.a(libc_a-lseekr.o)
 .bss           0x00000000        0x0 c:/users/mark/scoop/apps/gcc-arm-none-eabi/current/bin/../lib/gcc/arm-none-eabi/12.2.1/thumb/v7-m/nofp\libc_nano.a(libc_a-lseekr.o)
 .text._lseek_r
                0x00000000       0x24 c:/users/mark/scoop/apps/gcc-arm-none-eabi/current/bin/../lib/gcc/arm-none-eabi/12.2.1/thumb/v7-m/nofp\libc_nano.a(libc_a-lseekr.o)
 .debug_frame   0x00000000       0x2c c:/users/mark/scoop/apps/gcc-arm-none-eabi/current/bin/../lib/gcc/arm-none-eabi/12.2.1/thumb/v7-m/nofp\libc_nano.a(libc_a-lseekr.o)
 .ARM.attributes
                0x00000000       0x2d c:/users/mark/scoop/apps/gcc-arm-none-eabi/current/bin/../lib/gcc/arm-none-eabi/12.2.1/thumb/v7-m/nofp\libc_nano.a(libc_a-lseekr.o)
 .text          0x00000000        0x0 c:/users/mark/scoop/apps/gcc-arm-none-eabi/current/bin/../lib/gcc/arm-none-eabi/12.2.1/thumb/v7-m/nofp\libc_nano.a(libc_a-readr.o)
 .data          0x00000000        0x0 c:/users/mark/scoop/apps/gcc-arm-none-eabi/current/bin/../lib/gcc/arm-none-eabi/12.2.1/thumb/v7-m/nofp\libc_nano.a(libc_a-readr.o)
 .bss           0x00000000        0x0 c:/users/mark/scoop/apps/gcc-arm-none-eabi/current/bin/../lib/gcc/arm-none-eabi/12.2.1/thumb/v7-m/nofp\libc_nano.a(libc_a-readr.o)
 .text._read_r  0x00000000       0x24 c:/users/mark/scoop/apps/gcc-arm-none-eabi/current/bin/../lib/gcc/arm-none-eabi/12.2.1/thumb/v7-m/nofp\libc_nano.a(libc_a-readr.o)
 .debug_frame   0x00000000       0x2c c:/users/mark/scoop/apps/gcc-arm-none-eabi/current/bin/../lib/gcc/arm-none-eabi/12.2.1/thumb/v7-m/nofp\libc_nano.a(libc_a-readr.o)
 .ARM.attributes
                0x00000000       0x2d c:/users/mark/scoop/apps/gcc-arm-none-eabi/current/bin/../lib/gcc/arm-none-eabi/12.2.1/thumb/v7-m/nofp\libc_nano.a(libc_a-readr.o)
 .text          0x00000000        0x0 c:/users/mark/scoop/apps/gcc-arm-none-eabi/current/bin/../lib/gcc/arm-none-eabi/12.2.1/thumb/v7-m/nofp\libc_nano.a(libc_a-writer.o)
 .data          0x00000000        0x0 c:/users/mark/scoop/apps/gcc-arm-none-eabi/current/bin/../lib/gcc/arm-none-eabi/12.2.1/thumb/v7-m/nofp\libc_nano.a(libc_a-writer.o)
 .bss           0x00000000        0x0 c:/users/mark/scoop/apps/gcc-arm-none-eabi/current/bin/../lib/gcc/arm-none-eabi/12.2.1/thumb/v7-m/nofp\libc_nano.a(libc_a-writer.o)
 .text._write_r
                0x00000000       0x24 c:/users/mark/scoop/apps/gcc-arm-none-eabi/current/bin/../lib/gcc/arm-none-eabi/12.2.1/thumb/v7-m/nofp\libc_nano.a(libc_a-writer.o)
 .debug_frame   0x00000000       0x2c c:/users/mark/scoop/apps/gcc-arm-none-eabi/current/bin/../lib/gcc/arm-none-eabi/12.2.1/thumb/v7-m/nofp\libc_nano.a(libc_a-writer.o)
 .ARM.attributes
                0x00000000       0x2d c:/users/mark/scoop/apps/gcc-arm-none-eabi/current/bin/../lib/gcc/arm-none-eabi/12.2.1/thumb/v7-m/nofp\libc_nano.a(libc_a-writer.o)
 .text          0x00000000        0x0 c:/users/mark/scoop/apps/gcc-arm-none-eabi/current/bin/../lib/gcc/arm-none-eabi/12.2.1/thumb/v7-m/nofp\libc_nano.a(libc_a-init.o)
 .data          0x00000000        0x0 c:/users/mark/scoop/apps/gcc-arm-none-eabi/current/bin/../lib/gcc/arm-none-eabi/12.2.1/thumb/v7-m/nofp\libc_nano.a(libc_a-init.o)
 .bss           0x00000000        0x0 c:/users/mark/scoop/apps/gcc-arm-none-eabi/current/bin/../lib/gcc/arm-none-eabi/12.2.1/thumb/v7-m/nofp\libc_nano.a(libc_a-init.o)
 .text          0x00000000        0x0 c:/users/mark/scoop/apps/gcc-arm-none-eabi/current/bin/../lib/gcc/arm-none-eabi/12.2.1/thumb/v7-m/nofp\libc_nano.a(libc_a-lock.o)
 .data          0x00000000        0x0 c:/users/mark/scoop/apps/gcc-arm-none-eabi/current/bin/../lib/gcc/arm-none-eabi/12.2.1/thumb/v7-m/nofp\libc_nano.a(libc_a-lock.o)
 .bss           0x00000000        0x0 c:/users/mark/scoop/apps/gcc-arm-none-eabi/current/bin/../lib/gcc/arm-none-eabi/12.2.1/thumb/v7-m/nofp\libc_nano.a(libc_a-lock.o)
 .text.__retarget_lock_init
                0x00000000        0x2 c:/users/mark/scoop/apps/gcc-arm-none-eabi/current/bin/../lib/gcc/arm-none-eabi/12.2.1/thumb/v7-m/nofp\libc_nano.a(libc_a-lock.o)
 .text.__retarget_lock_init_recursive
                0x00000000        0x2 c:/users/mark/scoop/apps/gcc-arm-none-eabi/current/bin/../lib/gcc/arm-none-eabi/12.2.1/thumb/v7-m/nofp\libc_nano.a(libc_a-lock.o)
 .text.__retarget_lock_close
                0x00000000        0x2 c:/users/mark/scoop/apps/gcc-arm-none-eabi/current/bin/../lib/gcc/arm-none-eabi/12.2.1/thumb/v7-m/nofp\libc_nano.a(libc_a-lock.o)
 .text.__retarget_lock_close_recursive
                0x00000000        0x2 c:/users/mark/scoop/apps/gcc-arm-none-eabi/current/bin/../lib/gcc/arm-none-eabi/12.2.1/thumb/v7-m/nofp\libc_nano.a(libc_a-lock.o)
 .text.__retarget_lock_acquire
                0x00000000        0x2 c:/users/mark/scoop/apps/gcc-arm-none-eabi/current/bin/../lib/gcc/arm-none-eabi/12.2.1/thumb/v7-m/nofp\libc_nano.a(libc_a-lock.o)
 .text.__retarget_lock_acquire_recursive
                0x00000000        0x2 c:/users/mark/scoop/apps/gcc-arm-none-eabi/current/bin/../lib/gcc/arm-none-eabi/12.2.1/thumb/v7-m/nofp\libc_nano.a(libc_a-lock.o)
 .text.__retarget_lock_try_acquire
                0x00000000        0x4 c:/users/mark/scoop/apps/gcc-arm-none-eabi/current/bin/../lib/gcc/arm-none-eabi/12.2.1/thumb/v7-m/nofp\libc_nano.a(libc_a-lock.o)
 .text.__retarget_lock_try_acquire_recursive
                0x00000000        0x4 c:/users/mark/scoop/apps/gcc-arm-none-eabi/current/bin/../lib/gcc/arm-none-eabi/12.2.1/thumb/v7-m/nofp\libc_nano.a(libc_a-lock.o)
 .text.__retarget_lock_release
                0x00000000        0x2 c:/users/mark/scoop/apps/gcc-arm-none-eabi/current/bin/../lib/gcc/arm-none-eabi/12.2.1/thumb/v7-m/nofp\libc_nano.a(libc_a-lock.o)
 .text.__retarget_lock_release_recursive
                0x00000000        0x2 c:/users/mark/scoop/apps/gcc-arm-none-eabi/current/bin/../lib/gcc/arm-none-eabi/12.2.1/thumb/v7-m/nofp\libc_nano.a(libc_a-lock.o)
 .bss.__lock___arc4random_mutex
                0x00000000        0x1 c:/users/mark/scoop/apps/gcc-arm-none-eabi/current/bin/../lib/gcc/arm-none-eabi/12.2.1/thumb/v7-m/nofp\libc_nano.a(libc_a-lock.o)
 .bss.__lock___dd_hash_mutex
                0x00000000        0x1 c:/users/mark/scoop/apps/gcc-arm-none-eabi/current/bin/../lib/gcc/arm-none-eabi/12.2.1/thumb/v7-m/nofp\libc_nano.a(libc_a-lock.o)
 .bss.__lock___tz_mutex
                0x00000000        0x1 c:/users/mark/scoop/apps/gcc-arm-none-eabi/current/bin/../lib/gcc/arm-none-eabi/12.2.1/thumb/v7-m/nofp\libc_nano.a(libc_a-lock.o)
 .bss.__lock___env_recursive_mutex
                0x00000000        0x1 c:/users/mark/scoop/apps/gcc-arm-none-eabi/current/bin/../lib/gcc/arm-none-eabi/12.2.1/thumb/v7-m/nofp\libc_nano.a(libc_a-lock.o)
 .bss.__lock___malloc_recursive_mutex
                0x00000000        0x1 c:/users/mark/scoop/apps/gcc-arm-none-eabi/current/bin/../lib/gcc/arm-none-eabi/12.2.1/thumb/v7-m/nofp\libc_nano.a(libc_a-lock.o)
 .bss.__lock___at_quick_exit_mutex
                0x00000000        0x1 c:/users/mark/scoop/apps/gcc-arm-none-eabi/current/bin/../lib/gcc/arm-none-eabi/12.2.1/thumb/v7-m/nofp\libc_nano.a(libc_a-lock.o)
 .bss.__lock___atexit_recursive_mutex
                0x00000000        0x1 c:/users/mark/scoop/apps/gcc-arm-none-eabi/current/bin/../lib/gcc/arm-none-eabi/12.2.1/thumb/v7-m/nofp\libc_nano.a(libc_a-lock.o)
 .bss.__lock___sfp_recursive_mutex
                0x00000000        0x1 c:/users/mark/scoop/apps/gcc-arm-none-eabi/current/bin/../lib/gcc/arm-none-eabi/12.2.1/thumb/v7-m/nofp\libc_nano.a(libc_a-lock.o)
 .debug_frame   0x00000000       0xb0 c:/users/mark/scoop/apps/gcc-arm-none-eabi/current/bin/../lib/gcc/arm-none-eabi/12.2.1/thumb/v7-m/nofp\libc_nano.a(libc_a-lock.o)
 .ARM.attributes
                0x00000000       0x2d c:/users/mark/scoop/apps/gcc-arm-none-eabi/current/bin/../lib/gcc/arm-none-eabi/12.2.1/thumb/v7-m/nofp\libc_nano.a(libc_a-lock.o)
 .text          0x00000000        0x0 c:/users/mark/scoop/apps/gcc-arm-none-eabi/current/bin/../lib/gcc/arm-none-eabi/12.2.1/thumb/v7-m/nofp\libc_nano.a(libc_a-freer.o)
 .data          0x00000000        0x0 c:/users/mark/scoop/apps/gcc-arm-none-eabi/current/bin/../lib/gcc/arm-none-eabi/12.2.1/thumb/v7-m/nofp\libc_nano.a(libc_a-freer.o)
 .bss           0x00000000        0x0 c:/users/mark/scoop/apps/gcc-arm-none-eabi/current/bin/../lib/gcc/arm-none-eabi/12.2.1/thumb/v7-m/nofp\libc_nano.a(libc_a-freer.o)
 .text._free_r  0x00000000       0x90 c:/users/mark/scoop/apps/gcc-arm-none-eabi/current/bin/../lib/gcc/arm-none-eabi/12.2.1/thumb/v7-m/nofp\libc_nano.a(libc_a-freer.o)
 .debug_frame   0x00000000       0x38 c:/users/mark/scoop/apps/gcc-arm-none-eabi/current/bin/../lib/gcc/arm-none-eabi/12.2.1/thumb/v7-m/nofp\libc_nano.a(libc_a-freer.o)
 .ARM.attributes
                0x00000000       0x2d c:/users/mark/scoop/apps/gcc-arm-none-eabi/current/bin/../lib/gcc/arm-none-eabi/12.2.1/thumb/v7-m/nofp\libc_nano.a(libc_a-freer.o)
 .text          0x00000000        0x0 c:/users/mark/scoop/apps/gcc-arm-none-eabi/current/bin/../lib/gcc/arm-none-eabi/12.2.1/thumb/v7-m/nofp\libc_nano.a(libc_a-mallocr.o)
 .data          0x00000000        0x0 c:/users/mark/scoop/apps/gcc-arm-none-eabi/current/bin/../lib/gcc/arm-none-eabi/12.2.1/thumb/v7-m/nofp\libc_nano.a(libc_a-mallocr.o)
 .bss           0x00000000        0x0 c:/users/mark/scoop/apps/gcc-arm-none-eabi/current/bin/../lib/gcc/arm-none-eabi/12.2.1/thumb/v7-m/nofp\libc_nano.a(libc_a-mallocr.o)
 .text.sbrk_aligned
                0x00000000       0x44 c:/users/mark/scoop/apps/gcc-arm-none-eabi/current/bin/../lib/gcc/arm-none-eabi/12.2.1/thumb/v7-m/nofp\libc_nano.a(libc_a-mallocr.o)
 .text._malloc_r
                0x00000000       0xf0 c:/users/mark/scoop/apps/gcc-arm-none-eabi/current/bin/../lib/gcc/arm-none-eabi/12.2.1/thumb/v7-m/nofp\libc_nano.a(libc_a-mallocr.o)
 .bss.__malloc_sbrk_start
                0x00000000        0x4 c:/users/mark/scoop/apps/gcc-arm-none-eabi/current/bin/../lib/gcc/arm-none-eabi/12.2.1/thumb/v7-m/nofp\libc_nano.a(libc_a-mallocr.o)
 .bss.__malloc_free_list
                0x00000000        0x4 c:/users/mark/scoop/apps/gcc-arm-none-eabi/current/bin/../lib/gcc/arm-none-eabi/12.2.1/thumb/v7-m/nofp\libc_nano.a(libc_a-mallocr.o)
 .debug_frame   0x00000000       0x4c c:/users/mark/scoop/apps/gcc-arm-none-eabi/current/bin/../lib/gcc/arm-none-eabi/12.2.1/thumb/v7-m/nofp\libc_nano.a(libc_a-mallocr.o)
 .ARM.attributes
                0x00000000       0x2d c:/users/mark/scoop/apps/gcc-arm-none-eabi/current/bin/../lib/gcc/arm-none-eabi/12.2.1/thumb/v7-m/nofp\libc_nano.a(libc_a-mallocr.o)
 .text          0x00000000        0x0 c:/users/mark/scoop/apps/gcc-arm-none-eabi/current/bin/../lib/gcc/arm-none-eabi/12.2.1/thumb/v7-m/nofp\libc_nano.a(libc_a-mlock.o)
 .data          0x00000000        0x0 c:/users/mark/scoop/apps/gcc-arm-none-eabi/current/bin/../lib/gcc/arm-none-eabi/12.2.1/thumb/v7-m/nofp\libc_nano.a(libc_a-mlock.o)
 .bss           0x00000000        0x0 c:/users/mark/scoop/apps/gcc-arm-none-eabi/current/bin/../lib/gcc/arm-none-eabi/12.2.1/thumb/v7-m/nofp\libc_nano.a(libc_a-mlock.o)
 .text.__malloc_lock
                0x00000000        0xc c:/users/mark/scoop/apps/gcc-arm-none-eabi/current/bin/../lib/gcc/arm-none-eabi/12.2.1/thumb/v7-m/nofp\libc_nano.a(libc_a-mlock.o)
 .text.__malloc_unlock
                0x00000000        0xc c:/users/mark/scoop/apps/gcc-arm-none-eabi/current/bin/../lib/gcc/arm-none-eabi/12.2.1/thumb/v7-m/nofp\libc_nano.a(libc_a-mlock.o)
 .debug_frame   0x00000000       0x30 c:/users/mark/scoop/apps/gcc-arm-none-eabi/current/bin/../lib/gcc/arm-none-eabi/12.2.1/thumb/v7-m/nofp\libc_nano.a(libc_a-mlock.o)
 .ARM.attributes
                0x00000000       0x2d c:/users/mark/scoop/apps/gcc-arm-none-eabi/current/bin/../lib/gcc/arm-none-eabi/12.2.1/thumb/v7-m/nofp\libc_nano.a(libc_a-mlock.o)
 .text          0x00000000        0x0 c:/users/mark/scoop/apps/gcc-arm-none-eabi/current/bin/../lib/gcc/arm-none-eabi/12.2.1/thumb/v7-m/nofp\libc_nano.a(libc_a-fflush.o)
 .data          0x00000000        0x0 c:/users/mark/scoop/apps/gcc-arm-none-eabi/current/bin/../lib/gcc/arm-none-eabi/12.2.1/thumb/v7-m/nofp\libc_nano.a(libc_a-fflush.o)
 .bss           0x00000000        0x0 c:/users/mark/scoop/apps/gcc-arm-none-eabi/current/bin/../lib/gcc/arm-none-eabi/12.2.1/thumb/v7-m/nofp\libc_nano.a(libc_a-fflush.o)
 .text.__sflush_r
                0x00000000      0x100 c:/users/mark/scoop/apps/gcc-arm-none-eabi/current/bin/../lib/gcc/arm-none-eabi/12.2.1/thumb/v7-m/nofp\libc_nano.a(libc_a-fflush.o)
 .text._fflush_r
                0x00000000       0x50 c:/users/mark/scoop/apps/gcc-arm-none-eabi/current/bin/../lib/gcc/arm-none-eabi/12.2.1/thumb/v7-m/nofp\libc_nano.a(libc_a-fflush.o)
 .text.fflush   0x00000000       0x28 c:/users/mark/scoop/apps/gcc-arm-none-eabi/current/bin/../lib/gcc/arm-none-eabi/12.2.1/thumb/v7-m/nofp\libc_nano.a(libc_a-fflush.o)
 .debug_frame   0x00000000       0x5c c:/users/mark/scoop/apps/gcc-arm-none-eabi/current/bin/../lib/gcc/arm-none-eabi/12.2.1/thumb/v7-m/nofp\libc_nano.a(libc_a-fflush.o)
 .ARM.attributes
                0x00000000       0x2d c:/users/mark/scoop/apps/gcc-arm-none-eabi/current/bin/../lib/gcc/arm-none-eabi/12.2.1/thumb/v7-m/nofp\libc_nano.a(libc_a-fflush.o)
 .text          0x00000000        0x0 c:/users/mark/scoop/apps/gcc-arm-none-eabi/current/bin/../lib/gcc/arm-none-eabi/12.2.1/thumb/v7-m/nofp\libc_nano.a(libc_a-sbrkr.o)
 .data          0x00000000        0x0 c:/users/mark/scoop/apps/gcc-arm-none-eabi/current/bin/../lib/gcc/arm-none-eabi/12.2.1/thumb/v7-m/nofp\libc_nano.a(libc_a-sbrkr.o)
 .bss           0x00000000        0x0 c:/users/mark/scoop/apps/gcc-arm-none-eabi/current/bin/../lib/gcc/arm-none-eabi/12.2.1/thumb/v7-m/nofp\libc_nano.a(libc_a-sbrkr.o)
 .text._sbrk_r  0x00000000       0x20 c:/users/mark/scoop/apps/gcc-arm-none-eabi/current/bin/../lib/gcc/arm-none-eabi/12.2.1/thumb/v7-m/nofp\libc_nano.a(libc_a-sbrkr.o)
 .debug_frame   0x00000000       0x2c c:/users/mark/scoop/apps/gcc-arm-none-eabi/current/bin/../lib/gcc/arm-none-eabi/12.2.1/thumb/v7-m/nofp\libc_nano.a(libc_a-sbrkr.o)
 .ARM.attributes
                0x00000000       0x2d c:/users/mark/scoop/apps/gcc-arm-none-eabi/current/bin/../lib/gcc/arm-none-eabi/12.2.1/thumb/v7-m/nofp\libc_nano.a(libc_a-sbrkr.o)
 .text          0x00000000        0x0 c:/users/mark/scoop/apps/gcc-arm-none-eabi/current/bin/../lib/gcc/arm-none-eabi/12.2.1/thumb/v7-m/nofp\libnosys.a(close.o)
 .data          0x00000000        0x0 c:/users/mark/scoop/apps/gcc-arm-none-eabi/current/bin/../lib/gcc/arm-none-eabi/12.2.1/thumb/v7-m/nofp\libnosys.a(close.o)
 .bss           0x00000000        0x0 c:/users/mark/scoop/apps/gcc-arm-none-eabi/current/bin/../lib/gcc/arm-none-eabi/12.2.1/thumb/v7-m/nofp\libnosys.a(close.o)
 .text._close   0x00000000       0x10 c:/users/mark/scoop/apps/gcc-arm-none-eabi/current/bin/../lib/gcc/arm-none-eabi/12.2.1/thumb/v7-m/nofp\libnosys.a(close.o)
 .gnu.warning._close
                0x00000000        0x0 c:/users/mark/scoop/apps/gcc-arm-none-eabi/current/bin/../lib/gcc/arm-none-eabi/12.2.1/thumb/v7-m/nofp\libnosys.a(close.o)
 .debug_frame   0x00000000       0x20 c:/users/mark/scoop/apps/gcc-arm-none-eabi/current/bin/../lib/gcc/arm-none-eabi/12.2.1/thumb/v7-m/nofp\libnosys.a(close.o)
 .ARM.attributes
                0x00000000       0x2d c:/users/mark/scoop/apps/gcc-arm-none-eabi/current/bin/../lib/gcc/arm-none-eabi/12.2.1/thumb/v7-m/nofp\libnosys.a(close.o)
 .text          0x00000000        0x0 c:/users/mark/scoop/apps/gcc-arm-none-eabi/current/bin/../lib/gcc/arm-none-eabi/12.2.1/thumb/v7-m/nofp\libnosys.a(lseek.o)
 .data          0x00000000        0x0 c:/users/mark/scoop/apps/gcc-arm-none-eabi/current/bin/../lib/gcc/arm-none-eabi/12.2.1/thumb/v7-m/nofp\libnosys.a(lseek.o)
 .bss           0x00000000        0x0 c:/users/mark/scoop/apps/gcc-arm-none-eabi/current/bin/../lib/gcc/arm-none-eabi/12.2.1/thumb/v7-m/nofp\libnosys.a(lseek.o)
 .text._lseek   0x00000000       0x10 c:/users/mark/scoop/apps/gcc-arm-none-eabi/current/bin/../lib/gcc/arm-none-eabi/12.2.1/thumb/v7-m/nofp\libnosys.a(lseek.o)
 .gnu.warning._lseek
                0x00000000        0x0 c:/users/mark/scoop/apps/gcc-arm-none-eabi/current/bin/../lib/gcc/arm-none-eabi/12.2.1/thumb/v7-m/nofp\libnosys.a(lseek.o)
 .debug_frame   0x00000000       0x20 c:/users/mark/scoop/apps/gcc-arm-none-eabi/current/bin/../lib/gcc/arm-none-eabi/12.2.1/thumb/v7-m/nofp\libnosys.a(lseek.o)
 .ARM.attributes
                0x00000000       0x2d c:/users/mark/scoop/apps/gcc-arm-none-eabi/current/bin/../lib/gcc/arm-none-eabi/12.2.1/thumb/v7-m/nofp\libnosys.a(lseek.o)
 .text          0x00000000        0x0 c:/users/mark/scoop/apps/gcc-arm-none-eabi/current/bin/../lib/gcc/arm-none-eabi/12.2.1/thumb/v7-m/nofp\libnosys.a(read.o)
 .data          0x00000000        0x0 c:/users/mark/scoop/apps/gcc-arm-none-eabi/current/bin/../lib/gcc/arm-none-eabi/12.2.1/thumb/v7-m/nofp\libnosys.a(read.o)
 .bss           0x00000000        0x0 c:/users/mark/scoop/apps/gcc-arm-none-eabi/current/bin/../lib/gcc/arm-none-eabi/12.2.1/thumb/v7-m/nofp\libnosys.a(read.o)
 .text._read    0x00000000       0x10 c:/users/mark/scoop/apps/gcc-arm-none-eabi/current/bin/../lib/gcc/arm-none-eabi/12.2.1/thumb/v7-m/nofp\libnosys.a(read.o)
 .gnu.warning._read
                0x00000000        0x0 c:/users/mark/scoop/apps/gcc-arm-none-eabi/current/bin/../lib/gcc/arm-none-eabi/12.2.1/thumb/v7-m/nofp\libnosys.a(read.o)
 .debug_frame   0x00000000       0x20 c:/users/mark/scoop/apps/gcc-arm-none-eabi/current/bin/../lib/gcc/arm-none-eabi/12.2.1/thumb/v7-m/nofp\libnosys.a(read.o)
 .ARM.attributes
                0x00000000       0x2d c:/users/mark/scoop/apps/gcc-arm-none-eabi/current/bin/../lib/gcc/arm-none-eabi/12.2.1/thumb/v7-m/nofp\libnosys.a(read.o)
 .text          0x00000000        0x0 c:/users/mark/scoop/apps/gcc-arm-none-eabi/current/bin/../lib/gcc/arm-none-eabi/12.2.1/thumb/v7-m/nofp\libnosys.a(sbrk.o)
 .data          0x00000000        0x0 c:/users/mark/scoop/apps/gcc-arm-none-eabi/current/bin/../lib/gcc/arm-none-eabi/12.2.1/thumb/v7-m/nofp\libnosys.a(sbrk.o)
 .bss           0x00000000        0x0 c:/users/mark/scoop/apps/gcc-arm-none-eabi/current/bin/../lib/gcc/arm-none-eabi/12.2.1/thumb/v7-m/nofp\libnosys.a(sbrk.o)
 .text._sbrk    0x00000000       0x1c c:/users/mark/scoop/apps/gcc-arm-none-eabi/current/bin/../lib/gcc/arm-none-eabi/12.2.1/thumb/v7-m/nofp\libnosys.a(sbrk.o)
 .bss.heap_end.0
                0x00000000        0x4 c:/users/mark/scoop/apps/gcc-arm-none-eabi/current/bin/../lib/gcc/arm-none-eabi/12.2.1/thumb/v7-m/nofp\libnosys.a(sbrk.o)
 .debug_frame   0x00000000       0x20 c:/users/mark/scoop/apps/gcc-arm-none-eabi/current/bin/../lib/gcc/arm-none-eabi/12.2.1/thumb/v7-m/nofp\libnosys.a(sbrk.o)
 .ARM.attributes
                0x00000000       0x2d c:/users/mark/scoop/apps/gcc-arm-none-eabi/current/bin/../lib/gcc/arm-none-eabi/12.2.1/thumb/v7-m/nofp\libnosys.a(sbrk.o)
 .text          0x00000000        0x0 c:/users/mark/scoop/apps/gcc-arm-none-eabi/current/bin/../lib/gcc/arm-none-eabi/12.2.1/thumb/v7-m/nofp\libnosys.a(write.o)
 .data          0x00000000        0x0 c:/users/mark/scoop/apps/gcc-arm-none-eabi/current/bin/../lib/gcc/arm-none-eabi/12.2.1/thumb/v7-m/nofp\libnosys.a(write.o)
 .bss           0x00000000        0x0 c:/users/mark/scoop/apps/gcc-arm-none-eabi/current/bin/../lib/gcc/arm-none-eabi/12.2.1/thumb/v7-m/nofp\libnosys.a(write.o)
 .text._write   0x00000000       0x10 c:/users/mark/scoop/apps/gcc-arm-none-eabi/current/bin/../lib/gcc/arm-none-eabi/12.2.1/thumb/v7-m/nofp\libnosys.a(write.o)
 .gnu.warning._write
                0x00000000        0x0 c:/users/mark/scoop/apps/gcc-arm-none-eabi/current/bin/../lib/gcc/arm-none-eabi/12.2.1/thumb/v7-m/nofp\libnosys.a(write.o)
 .debug_frame   0x00000000       0x20 c:/users/mark/scoop/apps/gcc-arm-none-eabi/current/bin/../lib/gcc/arm-none-eabi/12.2.1/thumb/v7-m/nofp\libnosys.a(write.o)
 .ARM.attributes
                0x00000000       0x2d c:/users/mark/scoop/apps/gcc-arm-none-eabi/current/bin/../lib/gcc/arm-none-eabi/12.2.1/thumb/v7-m/nofp\libnosys.a(write.o)
 .text          0x00000000        0x0 c:/users/mark/scoop/apps/gcc-arm-none-eabi/current/bin/../lib/gcc/arm-none-eabi/12.2.1/thumb/v7-m/nofp\libnosys.a(_exit.o)
 .data          0x00000000        0x0 c:/users/mark/scoop/apps/gcc-arm-none-eabi/current/bin/../lib/gcc/arm-none-eabi/12.2.1/thumb/v7-m/nofp\libnosys.a(_exit.o)
 .bss           0x00000000        0x0 c:/users/mark/scoop/apps/gcc-arm-none-eabi/current/bin/../lib/gcc/arm-none-eabi/12.2.1/thumb/v7-m/nofp\libnosys.a(_exit.o)
 .text._exit    0x00000000        0x4 c:/users/mark/scoop/apps/gcc-arm-none-eabi/current/bin/../lib/gcc/arm-none-eabi/12.2.1/thumb/v7-m/nofp\libnosys.a(_exit.o)
 .debug_frame   0x00000000       0x20 c:/users/mark/scoop/apps/gcc-arm-none-eabi/current/bin/../lib/gcc/arm-none-eabi/12.2.1/thumb/v7-m/nofp\libnosys.a(_exit.o)
 .ARM.attributes
                0x00000000       0x2d c:/users/mark/scoop/apps/gcc-arm-none-eabi/current/bin/../lib/gcc/arm-none-eabi/12.2.1/thumb/v7-m/nofp\libnosys.a(_exit.o)
 .text          0x00000000        0x0 c:/users/mark/scoop/apps/gcc-arm-none-eabi/current/bin/../lib/gcc/arm-none-eabi/12.2.1/thumb/v7-m/nofp/crtend.o
 .data          0x00000000        0x0 c:/users/mark/scoop/apps/gcc-arm-none-eabi/current/bin/../lib/gcc/arm-none-eabi/12.2.1/thumb/v7-m/nofp/crtend.o
 .bss           0x00000000        0x0 c:/users/mark/scoop/apps/gcc-arm-none-eabi/current/bin/../lib/gcc/arm-none-eabi/12.2.1/thumb/v7-m/nofp/crtend.o
 .rodata.all_implied_fbits
                0x00000000       0x24 c:/users/mark/scoop/apps/gcc-arm-none-eabi/current/bin/../lib/gcc/arm-none-eabi/12.2.1/thumb/v7-m/nofp/crtend.o
 .eh_frame      0x00000000        0x4 c:/users/mark/scoop/apps/gcc-arm-none-eabi/current/bin/../lib/gcc/arm-none-eabi/12.2.1/thumb/v7-m/nofp/crtend.o
 .text          0x00000000        0x0 c:/users/mark/scoop/apps/gcc-arm-none-eabi/current/bin/../lib/gcc/arm-none-eabi/12.2.1/thumb/v7-m/nofp/crtn.o
 .data          0x00000000        0x0 c:/users/mark/scoop/apps/gcc-arm-none-eabi/current/bin/../lib/gcc/arm-none-eabi/12.2.1/thumb/v7-m/nofp/crtn.o
 .bss           0x00000000        0x0 c:/users/mark/scoop/apps/gcc-arm-none-eabi/current/bin/../lib/gcc/arm-none-eabi/12.2.1/thumb/v7-m/nofp/crtn.o

Memory Configuration

Name             Origin             Length             Attributes
RAM              0x20000000         0x00005000         xrw
FLASH            0x08000000         0x00010000         xr
*default*        0x00000000         0xffffffff

Linker script and memory map

LOAD c:/users/mark/scoop/apps/gcc-arm-none-eabi/current/bin/../lib/gcc/arm-none-eabi/12.2.1/thumb/v7-m/nofp/crti.o
LOAD c:/users/mark/scoop/apps/gcc-arm-none-eabi/current/bin/../lib/gcc/arm-none-eabi/12.2.1/thumb/v7-m/nofp/crtbegin.o
LOAD c:/users/mark/scoop/apps/gcc-arm-none-eabi/current/bin/../lib/gcc/arm-none-eabi/12.2.1/thumb/v7-m/nofp/crt0.o
LOAD build/main.o
LOAD build/it.o
LOAD build/system.o
LOAD build/gpio.o
LOAD build/rcc.o
LOAD build/led.o
LOAD build/startup_stm32f103xb.o
LOAD c:/users/mark/scoop/apps/gcc-arm-none-eabi/current/bin/../lib/gcc/arm-none-eabi/12.2.1/thumb/v7-m/nofp\libc_nano.a
LOAD c:/users/mark/scoop/apps/gcc-arm-none-eabi/current/bin/../lib/gcc/arm-none-eabi/12.2.1/thumb/v7-m/nofp\libm.a
LOAD c:/users/mark/scoop/apps/gcc-arm-none-eabi/current/bin/../lib/gcc/arm-none-eabi/12.2.1/thumb/v7-m/nofp\libnosys.a
START GROUP
LOAD c:/users/mark/scoop/apps/gcc-arm-none-eabi/current/bin/../lib/gcc/arm-none-eabi/12.2.1/thumb/v7-m/nofp\libgcc.a
LOAD c:/users/mark/scoop/apps/gcc-arm-none-eabi/current/bin/../lib/gcc/arm-none-eabi/12.2.1/thumb/v7-m/nofp\libc_nano.a
END GROUP
START GROUP
LOAD c:/users/mark/scoop/apps/gcc-arm-none-eabi/current/bin/../lib/gcc/arm-none-eabi/12.2.1/thumb/v7-m/nofp\libgcc.a
LOAD c:/users/mark/scoop/apps/gcc-arm-none-eabi/current/bin/../lib/gcc/arm-none-eabi/12.2.1/thumb/v7-m/nofp\libc_nano.a
END GROUP
LOAD c:/users/mark/scoop/apps/gcc-arm-none-eabi/current/bin/../lib/gcc/arm-none-eabi/12.2.1/thumb/v7-m/nofp/crtend.o
LOAD c:/users/mark/scoop/apps/gcc-arm-none-eabi/current/bin/../lib/gcc/arm-none-eabi/12.2.1/thumb/v7-m/nofp/crtn.o
                0x20005000                _estack = (ORIGIN (RAM) + LENGTH (RAM))
                0x00000200                _Min_Heap_Size = 0x200
                0x00000400                _Min_Stack_Size = 0x400

.isr_vector     0x08000000      0x10c
                0x08000000                . = ALIGN (0x4)
 *(.isr_vector)
 .isr_vector    0x08000000      0x10c build/startup_stm32f103xb.o
                0x08000000                g_pfnVectors
                0x0800010c                . = ALIGN (0x4)

.text           0x0800010c      0x354
                0x0800010c                . = ALIGN (0x4)
 *(.text)
 *(.text*)
 .text.deregister_tm_clones
                0x0800010c       0x1c c:/users/mark/scoop/apps/gcc-arm-none-eabi/current/bin/../lib/gcc/arm-none-eabi/12.2.1/thumb/v7-m/nofp/crtbegin.o
 .text.register_tm_clones
                0x08000128       0x24 c:/users/mark/scoop/apps/gcc-arm-none-eabi/current/bin/../lib/gcc/arm-none-eabi/12.2.1/thumb/v7-m/nofp/crtbegin.o
 .text.__do_global_dtors_aux
                0x0800014c       0x28 c:/users/mark/scoop/apps/gcc-arm-none-eabi/current/bin/../lib/gcc/arm-none-eabi/12.2.1/thumb/v7-m/nofp/crtbegin.o
 .text.frame_dummy
                0x08000174       0x24 c:/users/mark/scoop/apps/gcc-arm-none-eabi/current/bin/../lib/gcc/arm-none-eabi/12.2.1/thumb/v7-m/nofp/crtbegin.o
 .text.main     0x08000198       0x1c build/main.o
                0x08000198                main
 .text.NMI_Handler
                0x080001b4        0x2 build/it.o
                0x080001b4                NMI_Handler
 .text.HardFault_Handler
                0x080001b6        0x2 build/it.o
                0x080001b6                HardFault_Handler
 .text.MemManage_Handler
                0x080001b8        0x2 build/it.o
                0x080001b8                MemManage_Handler
 .text.BusFault_Handler
                0x080001ba        0x2 build/it.o
                0x080001ba                BusFault_Handler
 .text.UsageFault_Handler
                0x080001bc        0x2 build/it.o
                0x080001bc                UsageFault_Handler
 .text.SVC_Handler
                0x080001be        0x2 build/it.o
                0x080001be                SVC_Handler
 .text.DebugMon_Handler
                0x080001c0        0x2 build/it.o
                0x080001c0                DebugMon_Handler
 .text.PendSV_Handler
                0x080001c2        0x2 build/it.o
                0x080001c2                PendSV_Handler
 .text.SysTick_Handler
                0x080001c4        0x8 build/it.o
                0x080001c4                SysTick_Handler
 .text.SystemInit
                0x080001cc        0x2 build/system.o
                0x080001cc                SystemInit
 *fill*         0x080001ce        0x2 
 .text.SystemCoreClockUpdate
                0x080001d0       0x94 build/system.o
                0x080001d0                SystemCoreClockUpdate
 .text.GPIOC_13_CFG_Output
                0x08000264       0x28 build/gpio.o
                0x08000264                GPIOC_13_CFG_Output
 .text.RCC_LED  0x0800028c       0x10 build/rcc.o
                0x0800028c                RCC_LED
 .text.SysTickInit
                0x0800029c       0x3c build/rcc.o
                0x0800029c                SysTickInit
 .text.IncTick  0x080002d8       0x10 build/rcc.o
                0x080002d8                IncTick
 .text.GetTick  0x080002e8        0xc build/rcc.o
                0x080002e8                GetTick
 .text.SystemClockConfig
                0x080002f4       0x98 build/rcc.o
                0x080002f4                SystemClockConfig
 .text.Delay    0x0800038c       0x16 build/rcc.o
                0x0800038c                Delay
 *fill*         0x080003a2        0x2 
 .text.GPIOC_13_Toggle
                0x080003a4       0x10 build/led.o
                0x080003a4                GPIOC_13_Toggle
 .text.Reset_Handler
                0x080003b4       0x48 build/startup_stm32f103xb.o
                0x080003b4                Reset_Handler
 .text.Default_Handler
                0x080003fc        0x2 build/startup_stm32f103xb.o
                0x080003fc                RTC_Alarm_IRQHandler
                0x080003fc                EXTI2_IRQHandler
                0x080003fc                TIM1_CC_IRQHandler
                0x080003fc                PVD_IRQHandler
                0x080003fc                EXTI3_IRQHandler
                0x080003fc                EXTI0_IRQHandler
                0x080003fc                I2C2_EV_IRQHandler
                0x080003fc                ADC1_2_IRQHandler
                0x080003fc                SPI1_IRQHandler
                0x080003fc                TAMPER_IRQHandler
                0x080003fc                DMA1_Channel4_IRQHandler
                0x080003fc                USART3_IRQHandler
                0x080003fc                RTC_IRQHandler
                0x080003fc                DMA1_Channel7_IRQHandler
                0x080003fc                CAN1_RX1_IRQHandler
                0x080003fc                TIM4_IRQHandler
                0x080003fc                I2C1_EV_IRQHandler
                0x080003fc                DMA1_Channel6_IRQHandler
                0x080003fc                TIM3_IRQHandler
                0x080003fc                RCC_IRQHandler
                0x080003fc                TIM1_TRG_COM_IRQHandler
                0x080003fc                DMA1_Channel1_IRQHandler
                0x080003fc                Default_Handler
                0x080003fc                EXTI15_10_IRQHandler
                0x080003fc                EXTI9_5_IRQHandler
                0x080003fc                SPI2_IRQHandler
                0x080003fc                DMA1_Channel5_IRQHandler
                0x080003fc                EXTI4_IRQHandler
                0x080003fc                USB_LP_CAN1_RX0_IRQHandler
                0x080003fc                USB_HP_CAN1_TX_IRQHandler
                0x080003fc                DMA1_Channel3_IRQHandler
                0x080003fc                TIM1_UP_IRQHandler
                0x080003fc                WWDG_IRQHandler
                0x080003fc                TIM2_IRQHandler
                0x080003fc                TIM1_BRK_IRQHandler
                0x080003fc                EXTI1_IRQHandler
                0x080003fc                USART2_IRQHandler
                0x080003fc                I2C2_ER_IRQHandler
                0x080003fc                DMA1_Channel2_IRQHandler
                0x080003fc                CAN1_SCE_IRQHandler
                0x080003fc                FLASH_IRQHandler
                0x080003fc                USART1_IRQHandler
                0x080003fc                I2C1_ER_IRQHandler
                0x080003fc                USBWakeUp_IRQHandler
 *fill*         0x080003fe        0x2 
 .text.__libc_init_array
                0x08000400       0x48 c:/users/mark/scoop/apps/gcc-arm-none-eabi/current/bin/../lib/gcc/arm-none-eabi/12.2.1/thumb/v7-m/nofp\libc_nano.a(libc_a-init.o)
                0x08000400                __libc_init_array
 *(.glue_7)
 .glue_7        0x08000448        0x0 linker stubs
 *(.glue_7t)
 .glue_7t       0x08000448        0x0 linker stubs
 *(.eh_frame)
 .eh_frame      0x08000448        0x0 c:/users/mark/scoop/apps/gcc-arm-none-eabi/current/bin/../lib/gcc/arm-none-eabi/12.2.1/thumb/v7-m/nofp/crtbegin.o
 *(.init)
 .init          0x08000448        0x4 c:/users/mark/scoop/apps/gcc-arm-none-eabi/current/bin/../lib/gcc/arm-none-eabi/12.2.1/thumb/v7-m/nofp/crti.o
                0x08000448                _init
 .init          0x0800044c        0x8 c:/users/mark/scoop/apps/gcc-arm-none-eabi/current/bin/../lib/gcc/arm-none-eabi/12.2.1/thumb/v7-m/nofp/crtn.o
 *(.fini)
 .fini          0x08000454        0x4 c:/users/mark/scoop/apps/gcc-arm-none-eabi/current/bin/../lib/gcc/arm-none-eabi/12.2.1/thumb/v7-m/nofp/crti.o
                0x08000454                _fini
 .fini          0x08000458        0x8 c:/users/mark/scoop/apps/gcc-arm-none-eabi/current/bin/../lib/gcc/arm-none-eabi/12.2.1/thumb/v7-m/nofp/crtn.o
                0x08000460                . = ALIGN (0x4)
                0x08000460                _etext = .

.vfp11_veneer   0x08000460        0x0
 .vfp11_veneer  0x08000460        0x0 linker stubs

.v4_bx          0x08000460        0x0
 .v4_bx         0x08000460        0x0 linker stubs

.iplt           0x08000460        0x0
 .iplt          0x08000460        0x0 c:/users/mark/scoop/apps/gcc-arm-none-eabi/current/bin/../lib/gcc/arm-none-eabi/12.2.1/thumb/v7-m/nofp/crtbegin.o

.rodata         0x08000460       0x10
                0x08000460                . = ALIGN (0x4)
 *(.rodata)
 *(.rodata*)
 .rodata.AHBPrescTable
                0x08000460       0x10 build/system.o
                0x08000460                AHBPrescTable
                0x08000470                . = ALIGN (0x4)

.rel.dyn        0x08000470        0x0
 .rel.iplt      0x08000470        0x0 c:/users/mark/scoop/apps/gcc-arm-none-eabi/current/bin/../lib/gcc/arm-none-eabi/12.2.1/thumb/v7-m/nofp/crtbegin.o

.ARM.extab
 *(.ARM.extab* .gnu.linkonce.armextab.*)

.ARM            0x08000470        0x0
                0x08000470                __exidx_start = .
 *(.ARM.exidx*)
                0x08000470                __exidx_end = .

.preinit_array  0x08000470        0x0
                0x08000470                PROVIDE (__preinit_array_start = .)
 *(.preinit_array*)
                0x08000470                PROVIDE (__preinit_array_end = .)

.init_array     0x08000470        0x4
                0x08000470                PROVIDE (__init_array_start = .)
 *(SORT_BY_NAME(.init_array.*))
 *(.init_array*)
 .init_array    0x08000470        0x4 c:/users/mark/scoop/apps/gcc-arm-none-eabi/current/bin/../lib/gcc/arm-none-eabi/12.2.1/thumb/v7-m/nofp/crtbegin.o
                0x08000474                PROVIDE (__init_array_end = .)

.fini_array     0x08000474        0x4
                [!provide]                PROVIDE (__fini_array_start = .)
 *(SORT_BY_NAME(.fini_array.*))
 *(.fini_array*)
 .fini_array    0x08000474        0x4 c:/users/mark/scoop/apps/gcc-arm-none-eabi/current/bin/../lib/gcc/arm-none-eabi/12.2.1/thumb/v7-m/nofp/crtbegin.o
                [!provide]                PROVIDE (__fini_array_end = .)
                0x08000478                _sidata = LOADADDR (.data)

.data           0x20000000        0x0 load address 0x08000478
                0x20000000                . = ALIGN (0x4)
                0x20000000                _sdata = .
 *(.data)
 *(.data*)
                0x20000000                . = ALIGN (0x4)
                0x20000000                _edata = .

.tm_clone_table
                0x20000000        0x0 load address 0x08000478
 .tm_clone_table
                0x20000000        0x0 c:/users/mark/scoop/apps/gcc-arm-none-eabi/current/bin/../lib/gcc/arm-none-eabi/12.2.1/thumb/v7-m/nofp/crtbegin.o
 .tm_clone_table
                0x20000000        0x0 c:/users/mark/scoop/apps/gcc-arm-none-eabi/current/bin/../lib/gcc/arm-none-eabi/12.2.1/thumb/v7-m/nofp/crtend.o

.igot.plt       0x20000000        0x0 load address 0x08000478
 .igot.plt      0x20000000        0x0 c:/users/mark/scoop/apps/gcc-arm-none-eabi/current/bin/../lib/gcc/arm-none-eabi/12.2.1/thumb/v7-m/nofp/crtbegin.o
                0x20000000                . = ALIGN (0x4)

.bss            0x20000000       0x24 load address 0x08000478
                0x20000000                _sbss = .
                0x20000000                __bss_start__ = _sbss
 *(.bss)
 *(.bss*)
 .bss.completed.1
                0x20000000        0x1 c:/users/mark/scoop/apps/gcc-arm-none-eabi/current/bin/../lib/gcc/arm-none-eabi/12.2.1/thumb/v7-m/nofp/crtbegin.o
 *fill*         0x20000001        0x3 
 .bss.object.0  0x20000004       0x18 c:/users/mark/scoop/apps/gcc-arm-none-eabi/current/bin/../lib/gcc/arm-none-eabi/12.2.1/thumb/v7-m/nofp/crtbegin.o
 .bss.SystemCoreClock
                0x2000001c        0x4 build/system.o
                0x2000001c                SystemCoreClock
 .bss.Ticks     0x20000020        0x4 build/rcc.o
                0x20000020                Ticks
 *(COMMON)
                0x20000024                . = ALIGN (0x4)
                0x20000024                _ebss = .
                0x20000024                __bss_end__ = _ebss

._user_heap_stack
                0x20000024      0x604 load address 0x08000478
                0x20000028                . = ALIGN (0x8)
 *fill*         0x20000024        0x4 
                0x20000028                PROVIDE (end = .)
                [!provide]                PROVIDE (_end = .)
                0x20000228                . = (. + _Min_Heap_Size)
 *fill*         0x20000028      0x200 
                0x20000628                . = (. + _Min_Stack_Size)
 *fill*         0x20000228      0x400 
                0x20000628                . = ALIGN (0x8)

/DISCARD/
 libc.a(*)
 libm.a(*)
 libgcc.a(*)

.ARM.attributes
                0x00000000       0x29
 *(.ARM.attributes)
 .ARM.attributes
                0x00000000       0x1d c:/users/mark/scoop/apps/gcc-arm-none-eabi/current/bin/../lib/gcc/arm-none-eabi/12.2.1/thumb/v7-m/nofp/crti.o
 .ARM.attributes
                0x0000001d       0x2d c:/users/mark/scoop/apps/gcc-arm-none-eabi/current/bin/../lib/gcc/arm-none-eabi/12.2.1/thumb/v7-m/nofp/crtbegin.o
 .ARM.attributes
                0x0000004a       0x2d build/main.o
 .ARM.attributes
                0x00000077       0x2d build/it.o
 .ARM.attributes
                0x000000a4       0x2d build/system.o
 .ARM.attributes
                0x000000d1       0x2d build/gpio.o
 .ARM.attributes
                0x000000fe       0x2d build/rcc.o
 .ARM.attributes
                0x0000012b       0x2d build/led.o
 .ARM.attributes
                0x00000158       0x21 build/startup_stm32f103xb.o
 .ARM.attributes
                0x00000179       0x2d c:/users/mark/scoop/apps/gcc-arm-none-eabi/current/bin/../lib/gcc/arm-none-eabi/12.2.1/thumb/v7-m/nofp\libc_nano.a(libc_a-init.o)
 .ARM.attributes
                0x000001a6       0x2d c:/users/mark/scoop/apps/gcc-arm-none-eabi/current/bin/../lib/gcc/arm-none-eabi/12.2.1/thumb/v7-m/nofp/crtend.o
 .ARM.attributes
                0x000001d3       0x1d c:/users/mark/scoop/apps/gcc-arm-none-eabi/current/bin/../lib/gcc/arm-none-eabi/12.2.1/thumb/v7-m/nofp/crtn.o
OUTPUT(build/Blink.elf elf32-littlearm)
LOAD linker stubs
LOAD c:/users/mark/scoop/apps/gcc-arm-none-eabi/current/bin/../lib/gcc/arm-none-eabi/12.2.1/thumb/v7-m/nofp\libc.a
LOAD c:/users/mark/scoop/apps/gcc-arm-none-eabi/current/bin/../lib/gcc/arm-none-eabi/12.2.1/thumb/v7-m/nofp\libm.a
LOAD c:/users/mark/scoop/apps/gcc-arm-none-eabi/current/bin/../lib/gcc/arm-none-eabi/12.2.1/thumb/v7-m/nofp\libgcc.a

.debug_info     0x00000000     0x10c7
 .debug_info    0x00000000      0x145 build/main.o
 .debug_info    0x00000145      0x10a build/it.o
 .debug_info    0x0000024f      0x267 build/system.o
 .debug_info    0x000004b6      0x12b build/gpio.o
 .debug_info    0x000005e1      0x98b build/rcc.o
 .debug_info    0x00000f6c      0x12b build/led.o
 .debug_info    0x00001097       0x30 build/startup_stm32f103xb.o

.debug_abbrev   0x00000000      0x64a
 .debug_abbrev  0x00000000       0xcd build/main.o
 .debug_abbrev  0x000000cd       0x6a build/it.o
 .debug_abbrev  0x00000137      0x140 build/system.o
 .debug_abbrev  0x00000277       0x9c build/gpio.o
 .debug_abbrev  0x00000313      0x27e build/rcc.o
 .debug_abbrev  0x00000591       0x9c build/led.o
 .debug_abbrev  0x0000062d       0x1d build/startup_stm32f103xb.o

.debug_loc      0x00000000      0x27b
 .debug_loc     0x00000000       0x20 build/main.o
 .debug_loc     0x00000020       0x20 build/it.o
 .debug_loc     0x00000040       0xff build/system.o
 .debug_loc     0x0000013f      0x13c build/rcc.o

.debug_aranges  0x00000000      0x168
 .debug_aranges
                0x00000000       0x20 build/main.o
 .debug_aranges
                0x00000020       0x60 build/it.o
 .debug_aranges
                0x00000080       0x28 build/system.o
 .debug_aranges
                0x000000a8       0x20 build/gpio.o
 .debug_aranges
                0x000000c8       0x58 build/rcc.o
 .debug_aranges
                0x00000120       0x20 build/led.o
 .debug_aranges
                0x00000140       0x28 build/startup_stm32f103xb.o

.debug_ranges   0x00000000      0x100
 .debug_ranges  0x00000000       0x10 build/main.o
 .debug_ranges  0x00000010       0x50 build/it.o
 .debug_ranges  0x00000060       0x18 build/system.o
 .debug_ranges  0x00000078       0x10 build/gpio.o
 .debug_ranges  0x00000088       0x48 build/rcc.o
 .debug_ranges  0x000000d0       0x10 build/led.o
 .debug_ranges  0x000000e0       0x20 build/startup_stm32f103xb.o

.debug_line     0x00000000      0x9ce
 .debug_line    0x00000000      0x139 build/main.o
 .debug_line    0x00000139      0x140 build/it.o
 .debug_line    0x00000279      0x1e5 build/system.o
 .debug_line    0x0000045e      0x122 build/gpio.o
 .debug_line    0x00000580      0x2bc build/rcc.o
 .debug_line    0x0000083c      0x11e build/led.o
 .debug_line    0x0000095a       0x74 build/startup_stm32f103xb.o

.debug_str      0x00000000      0x7c7
 .debug_str     0x00000000      0x18c build/main.o
                                0x1c9 (size before relaxing)
 .debug_str     0x0000018c       0xa6 build/it.o
                                0x17e (size before relaxing)
 .debug_str     0x00000232       0xc0 build/system.o
                                0x238 (size before relaxing)
 .debug_str     0x000002f2       0x27 build/gpio.o
                                0x1ab (size before relaxing)
 .debug_str     0x00000319      0x46d build/rcc.o
                                0x6aa (size before relaxing)
 .debug_str     0x00000786        0xf build/led.o
                                0x1a6 (size before relaxing)
 .debug_str     0x00000795       0x32 build/startup_stm32f103xb.o
                                 0x85 (size before relaxing)

.comment        0x00000000       0x45
 .comment       0x00000000       0x45 build/main.o
                                 0x46 (size before relaxing)
 .comment       0x00000045       0x46 build/it.o
 .comment       0x00000045       0x46 build/system.o
 .comment       0x00000045       0x46 build/gpio.o
 .comment       0x00000045       0x46 build/rcc.o
 .comment       0x00000045       0x46 build/led.o

.debug_frame    0x00000000      0x218
 .debug_frame   0x00000000       0x28 build/main.o
 .debug_frame   0x00000028       0xa8 build/it.o
 .debug_frame   0x000000d0       0x30 build/system.o
 .debug_frame   0x00000100       0x20 build/gpio.o
 .debug_frame   0x00000120       0xac build/rcc.o
 .debug_frame   0x000001cc       0x20 build/led.o
 .debug_frame   0x000001ec       0x2c c:/users/mark/scoop/apps/gcc-arm-none-eabi/current/bin/../lib/gcc/arm-none-eabi/12.2.1/thumb/v7-m/nofp\libc_nano.a(libc_a-init.o)

Cross Reference Table

Symbol                                            File
ADC1_2_IRQHandler                                 build/startup_stm32f103xb.o
AHBPrescTable                                     build/system.o
APBPrescTable                                     build/system.o
BusFault_Handler                                  build/it.o
CAN1_RX1_IRQHandler                               build/startup_stm32f103xb.o
CAN1_SCE_IRQHandler                               build/startup_stm32f103xb.o
DMA1_Channel1_IRQHandler                          build/startup_stm32f103xb.o
DMA1_Channel2_IRQHandler                          build/startup_stm32f103xb.o
DMA1_Channel3_IRQHandler                          build/startup_stm32f103xb.o
DMA1_Channel4_IRQHandler                          build/startup_stm32f103xb.o
DMA1_Channel5_IRQHandler                          build/startup_stm32f103xb.o
DMA1_Channel6_IRQHandler                          build/startup_stm32f103xb.o
DMA1_Channel7_IRQHandler                          build/startup_stm32f103xb.o
DebugMon_Handler                                  build/it.o
Default_Handler                                   build/startup_stm32f103xb.o
Delay                                             build/rcc.o
                                                  build/main.o
EXTI0_IRQHandler                                  build/startup_stm32f103xb.o
EXTI15_10_IRQHandler                              build/startup_stm32f103xb.o
EXTI1_IRQHandler                                  build/startup_stm32f103xb.o
EXTI2_IRQHandler                                  build/startup_stm32f103xb.o
EXTI3_IRQHandler                                  build/startup_stm32f103xb.o
EXTI4_IRQHandler                                  build/startup_stm32f103xb.o
EXTI9_5_IRQHandler                                build/startup_stm32f103xb.o
FLASH_IRQHandler                                  build/startup_stm32f103xb.o
GPIOC_13_CFG_Output                               build/gpio.o
                                                  build/main.o
GPIOC_13_Toggle                                   build/led.o
                                                  build/main.o
GetTick                                           build/rcc.o
HardFault_Handler                                 build/it.o
I2C1_ER_IRQHandler                                build/startup_stm32f103xb.o
I2C1_EV_IRQHandler                                build/startup_stm32f103xb.o
I2C2_ER_IRQHandler                                build/startup_stm32f103xb.o
I2C2_EV_IRQHandler                                build/startup_stm32f103xb.o
IncTick                                           build/rcc.o
                                                  build/it.o
MemManage_Handler                                 build/it.o
NMI_Handler                                       build/it.o
PVD_IRQHandler                                    build/startup_stm32f103xb.o
PendSV_Handler                                    build/it.o
RCC_IRQHandler                                    build/startup_stm32f103xb.o
RCC_LED                                           build/rcc.o
                                                  build/main.o
RTC_Alarm_IRQHandler                              build/startup_stm32f103xb.o
RTC_IRQHandler                                    build/startup_stm32f103xb.o
Reset_Handler                                     build/startup_stm32f103xb.o
ResumeTick                                        build/rcc.o
SPI1_IRQHandler                                   build/startup_stm32f103xb.o
SPI2_IRQHandler                                   build/startup_stm32f103xb.o
SVC_Handler                                       build/it.o
SuspendTick                                       build/rcc.o
SysTickInit                                       build/rcc.o
SysTick_Handler                                   build/it.o
SystemClockConfig                                 build/rcc.o
                                                  build/main.o
SystemCoreClock                                   build/system.o
                                                  build/rcc.o
SystemCoreClockUpdate                             build/system.o
                                                  build/rcc.o
SystemInit                                        build/system.o
                                                  build/startup_stm32f103xb.o
TAMPER_IRQHandler                                 build/startup_stm32f103xb.o
TIM1_BRK_IRQHandler                               build/startup_stm32f103xb.o
TIM1_CC_IRQHandler                                build/startup_stm32f103xb.o
TIM1_TRG_COM_IRQHandler                           build/startup_stm32f103xb.o
TIM1_UP_IRQHandler                                build/startup_stm32f103xb.o
TIM2_IRQHandler                                   build/startup_stm32f103xb.o
TIM3_IRQHandler                                   build/startup_stm32f103xb.o
TIM4_IRQHandler                                   build/startup_stm32f103xb.o
Ticks                                             build/rcc.o
USART1_IRQHandler                                 build/startup_stm32f103xb.o
USART2_IRQHandler                                 build/startup_stm32f103xb.o
USART3_IRQHandler                                 build/startup_stm32f103xb.o
USBWakeUp_IRQHandler                              build/startup_stm32f103xb.o
USB_HP_CAN1_TX_IRQHandler                         build/startup_stm32f103xb.o
USB_LP_CAN1_RX0_IRQHandler                        build/startup_stm32f103xb.o
UsageFault_Handler                                build/it.o
                                                  build/rcc.o
WWDG_IRQHandler                                   build/startup_stm32f103xb.o
_ITM_deregisterTMCloneTable                       c:/users/mark/scoop/apps/gcc-arm-none-eabi/current/bin/../lib/gcc/arm-none-eabi/12.2.1/thumb/v7-m/nofp/crtbegin.o
_ITM_registerTMCloneTable                         c:/users/mark/scoop/apps/gcc-arm-none-eabi/current/bin/../lib/gcc/arm-none-eabi/12.2.1/thumb/v7-m/nofp/crtbegin.o
__TMC_END__                                       c:/users/mark/scoop/apps/gcc-arm-none-eabi/current/bin/../lib/gcc/arm-none-eabi/12.2.1/thumb/v7-m/nofp/crtend.o
                                                  c:/users/mark/scoop/apps/gcc-arm-none-eabi/current/bin/../lib/gcc/arm-none-eabi/12.2.1/thumb/v7-m/nofp/crtbegin.o
__bss_end__                                       c:/users/mark/scoop/apps/gcc-arm-none-eabi/current/bin/../lib/gcc/arm-none-eabi/12.2.1/thumb/v7-m/nofp/crt0.o
__bss_start__                                     c:/users/mark/scoop/apps/gcc-arm-none-eabi/current/bin/../lib/gcc/arm-none-eabi/12.2.1/thumb/v7-m/nofp/crt0.o
__call_exitprocs                                  c:/users/mark/scoop/apps/gcc-arm-none-eabi/current/bin/../lib/gcc/arm-none-eabi/12.2.1/thumb/v7-m/nofp\libc_nano.a(libc_a-exit.o)
__deregister_frame_info                           c:/users/mark/scoop/apps/gcc-arm-none-eabi/current/bin/../lib/gcc/arm-none-eabi/12.2.1/thumb/v7-m/nofp/crtbegin.o
__dso_handle                                      c:/users/mark/scoop/apps/gcc-arm-none-eabi/current/bin/../lib/gcc/arm-none-eabi/12.2.1/thumb/v7-m/nofp/crtbegin.o
__fp_lock_all                                     c:/users/mark/scoop/apps/gcc-arm-none-eabi/current/bin/../lib/gcc/arm-none-eabi/12.2.1/thumb/v7-m/nofp\libc_nano.a(libc_a-findfp.o)
__fp_unlock_all                                   c:/users/mark/scoop/apps/gcc-arm-none-eabi/current/bin/../lib/gcc/arm-none-eabi/12.2.1/thumb/v7-m/nofp\libc_nano.a(libc_a-findfp.o)
__init_array_end                                  c:/users/mark/scoop/apps/gcc-arm-none-eabi/current/bin/../lib/gcc/arm-none-eabi/12.2.1/thumb/v7-m/nofp\libc_nano.a(libc_a-init.o)
__init_array_start                                c:/users/mark/scoop/apps/gcc-arm-none-eabi/current/bin/../lib/gcc/arm-none-eabi/12.2.1/thumb/v7-m/nofp\libc_nano.a(libc_a-init.o)
__libc_fini_array                                 c:/users/mark/scoop/apps/gcc-arm-none-eabi/current/bin/../lib/gcc/arm-none-eabi/12.2.1/thumb/v7-m/nofp/crt0.o
__libc_init_array                                 c:/users/mark/scoop/apps/gcc-arm-none-eabi/current/bin/../lib/gcc/arm-none-eabi/12.2.1/thumb/v7-m/nofp\libc_nano.a(libc_a-init.o)
                                                  build/startup_stm32f103xb.o
                                                  c:/users/mark/scoop/apps/gcc-arm-none-eabi/current/bin/../lib/gcc/arm-none-eabi/12.2.1/thumb/v7-m/nofp/crt0.o
__lock___arc4random_mutex                         c:/users/mark/scoop/apps/gcc-arm-none-eabi/current/bin/../lib/gcc/arm-none-eabi/12.2.1/thumb/v7-m/nofp\libc_nano.a(libc_a-lock.o)
__lock___at_quick_exit_mutex                      c:/users/mark/scoop/apps/gcc-arm-none-eabi/current/bin/../lib/gcc/arm-none-eabi/12.2.1/thumb/v7-m/nofp\libc_nano.a(libc_a-lock.o)
__lock___atexit_recursive_mutex                   c:/users/mark/scoop/apps/gcc-arm-none-eabi/current/bin/../lib/gcc/arm-none-eabi/12.2.1/thumb/v7-m/nofp\libc_nano.a(libc_a-lock.o)
__lock___dd_hash_mutex                            c:/users/mark/scoop/apps/gcc-arm-none-eabi/current/bin/../lib/gcc/arm-none-eabi/12.2.1/thumb/v7-m/nofp\libc_nano.a(libc_a-lock.o)
__lock___env_recursive_mutex                      c:/users/mark/scoop/apps/gcc-arm-none-eabi/current/bin/../lib/gcc/arm-none-eabi/12.2.1/thumb/v7-m/nofp\libc_nano.a(libc_a-lock.o)
__lock___malloc_recursive_mutex                   c:/users/mark/scoop/apps/gcc-arm-none-eabi/current/bin/../lib/gcc/arm-none-eabi/12.2.1/thumb/v7-m/nofp\libc_nano.a(libc_a-lock.o)
                                                  c:/users/mark/scoop/apps/gcc-arm-none-eabi/current/bin/../lib/gcc/arm-none-eabi/12.2.1/thumb/v7-m/nofp\libc_nano.a(libc_a-mlock.o)
__lock___sfp_recursive_mutex                      c:/users/mark/scoop/apps/gcc-arm-none-eabi/current/bin/../lib/gcc/arm-none-eabi/12.2.1/thumb/v7-m/nofp\libc_nano.a(libc_a-lock.o)
                                                  c:/users/mark/scoop/apps/gcc-arm-none-eabi/current/bin/../lib/gcc/arm-none-eabi/12.2.1/thumb/v7-m/nofp\libc_nano.a(libc_a-findfp.o)
__lock___tz_mutex                                 c:/users/mark/scoop/apps/gcc-arm-none-eabi/current/bin/../lib/gcc/arm-none-eabi/12.2.1/thumb/v7-m/nofp\libc_nano.a(libc_a-lock.o)
__malloc_free_list                                c:/users/mark/scoop/apps/gcc-arm-none-eabi/current/bin/../lib/gcc/arm-none-eabi/12.2.1/thumb/v7-m/nofp\libc_nano.a(libc_a-mallocr.o)
                                                  c:/users/mark/scoop/apps/gcc-arm-none-eabi/current/bin/../lib/gcc/arm-none-eabi/12.2.1/thumb/v7-m/nofp\libc_nano.a(libc_a-freer.o)
__malloc_lock                                     c:/users/mark/scoop/apps/gcc-arm-none-eabi/current/bin/../lib/gcc/arm-none-eabi/12.2.1/thumb/v7-m/nofp\libc_nano.a(libc_a-mlock.o)
                                                  c:/users/mark/scoop/apps/gcc-arm-none-eabi/current/bin/../lib/gcc/arm-none-eabi/12.2.1/thumb/v7-m/nofp\libc_nano.a(libc_a-mallocr.o)
                                                  c:/users/mark/scoop/apps/gcc-arm-none-eabi/current/bin/../lib/gcc/arm-none-eabi/12.2.1/thumb/v7-m/nofp\libc_nano.a(libc_a-freer.o)
__malloc_sbrk_start                               c:/users/mark/scoop/apps/gcc-arm-none-eabi/current/bin/../lib/gcc/arm-none-eabi/12.2.1/thumb/v7-m/nofp\libc_nano.a(libc_a-mallocr.o)
__malloc_unlock                                   c:/users/mark/scoop/apps/gcc-arm-none-eabi/current/bin/../lib/gcc/arm-none-eabi/12.2.1/thumb/v7-m/nofp\libc_nano.a(libc_a-mlock.o)
                                                  c:/users/mark/scoop/apps/gcc-arm-none-eabi/current/bin/../lib/gcc/arm-none-eabi/12.2.1/thumb/v7-m/nofp\libc_nano.a(libc_a-mallocr.o)
                                                  c:/users/mark/scoop/apps/gcc-arm-none-eabi/current/bin/../lib/gcc/arm-none-eabi/12.2.1/thumb/v7-m/nofp\libc_nano.a(libc_a-freer.o)
__preinit_array_end                               c:/users/mark/scoop/apps/gcc-arm-none-eabi/current/bin/../lib/gcc/arm-none-eabi/12.2.1/thumb/v7-m/nofp\libc_nano.a(libc_a-init.o)
__preinit_array_start                             c:/users/mark/scoop/apps/gcc-arm-none-eabi/current/bin/../lib/gcc/arm-none-eabi/12.2.1/thumb/v7-m/nofp\libc_nano.a(libc_a-init.o)
__register_frame_info                             c:/users/mark/scoop/apps/gcc-arm-none-eabi/current/bin/../lib/gcc/arm-none-eabi/12.2.1/thumb/v7-m/nofp/crtbegin.o
__retarget_lock_acquire                           c:/users/mark/scoop/apps/gcc-arm-none-eabi/current/bin/../lib/gcc/arm-none-eabi/12.2.1/thumb/v7-m/nofp\libc_nano.a(libc_a-lock.o)
__retarget_lock_acquire_recursive                 c:/users/mark/scoop/apps/gcc-arm-none-eabi/current/bin/../lib/gcc/arm-none-eabi/12.2.1/thumb/v7-m/nofp\libc_nano.a(libc_a-lock.o)
                                                  c:/users/mark/scoop/apps/gcc-arm-none-eabi/current/bin/../lib/gcc/arm-none-eabi/12.2.1/thumb/v7-m/nofp\libc_nano.a(libc_a-fflush.o)
                                                  c:/users/mark/scoop/apps/gcc-arm-none-eabi/current/bin/../lib/gcc/arm-none-eabi/12.2.1/thumb/v7-m/nofp\libc_nano.a(libc_a-mlock.o)
                                                  c:/users/mark/scoop/apps/gcc-arm-none-eabi/current/bin/../lib/gcc/arm-none-eabi/12.2.1/thumb/v7-m/nofp\libc_nano.a(libc_a-findfp.o)
__retarget_lock_close                             c:/users/mark/scoop/apps/gcc-arm-none-eabi/current/bin/../lib/gcc/arm-none-eabi/12.2.1/thumb/v7-m/nofp\libc_nano.a(libc_a-lock.o)
__retarget_lock_close_recursive                   c:/users/mark/scoop/apps/gcc-arm-none-eabi/current/bin/../lib/gcc/arm-none-eabi/12.2.1/thumb/v7-m/nofp\libc_nano.a(libc_a-lock.o)
__retarget_lock_init                              c:/users/mark/scoop/apps/gcc-arm-none-eabi/current/bin/../lib/gcc/arm-none-eabi/12.2.1/thumb/v7-m/nofp\libc_nano.a(libc_a-lock.o)
__retarget_lock_init_recursive                    c:/users/mark/scoop/apps/gcc-arm-none-eabi/current/bin/../lib/gcc/arm-none-eabi/12.2.1/thumb/v7-m/nofp\libc_nano.a(libc_a-lock.o)
                                                  c:/users/mark/scoop/apps/gcc-arm-none-eabi/current/bin/../lib/gcc/arm-none-eabi/12.2.1/thumb/v7-m/nofp\libc_nano.a(libc_a-findfp.o)
__retarget_lock_release                           c:/users/mark/scoop/apps/gcc-arm-none-eabi/current/bin/../lib/gcc/arm-none-eabi/12.2.1/thumb/v7-m/nofp\libc_nano.a(libc_a-lock.o)
__retarget_lock_release_recursive                 c:/users/mark/scoop/apps/gcc-arm-none-eabi/current/bin/../lib/gcc/arm-none-eabi/12.2.1/thumb/v7-m/nofp\libc_nano.a(libc_a-lock.o)
                                                  c:/users/mark/scoop/apps/gcc-arm-none-eabi/current/bin/../lib/gcc/arm-none-eabi/12.2.1/thumb/v7-m/nofp\libc_nano.a(libc_a-fflush.o)
                                                  c:/users/mark/scoop/apps/gcc-arm-none-eabi/current/bin/../lib/gcc/arm-none-eabi/12.2.1/thumb/v7-m/nofp\libc_nano.a(libc_a-mlock.o)
                                                  c:/users/mark/scoop/apps/gcc-arm-none-eabi/current/bin/../lib/gcc/arm-none-eabi/12.2.1/thumb/v7-m/nofp\libc_nano.a(libc_a-findfp.o)
__retarget_lock_try_acquire                       c:/users/mark/scoop/apps/gcc-arm-none-eabi/current/bin/../lib/gcc/arm-none-eabi/12.2.1/thumb/v7-m/nofp\libc_nano.a(libc_a-lock.o)
__retarget_lock_try_acquire_recursive             c:/users/mark/scoop/apps/gcc-arm-none-eabi/current/bin/../lib/gcc/arm-none-eabi/12.2.1/thumb/v7-m/nofp\libc_nano.a(libc_a-lock.o)
__sclose                                          c:/users/mark/scoop/apps/gcc-arm-none-eabi/current/bin/../lib/gcc/arm-none-eabi/12.2.1/thumb/v7-m/nofp\libc_nano.a(libc_a-stdio.o)
                                                  c:/users/mark/scoop/apps/gcc-arm-none-eabi/current/bin/../lib/gcc/arm-none-eabi/12.2.1/thumb/v7-m/nofp\libc_nano.a(libc_a-findfp.o)
__seofread                                        c:/users/mark/scoop/apps/gcc-arm-none-eabi/current/bin/../lib/gcc/arm-none-eabi/12.2.1/thumb/v7-m/nofp\libc_nano.a(libc_a-stdio.o)
__sf                                              c:/users/mark/scoop/apps/gcc-arm-none-eabi/current/bin/../lib/gcc/arm-none-eabi/12.2.1/thumb/v7-m/nofp\libc_nano.a(libc_a-findfp.o)
                                                  c:/users/mark/scoop/apps/gcc-arm-none-eabi/current/bin/../lib/gcc/arm-none-eabi/12.2.1/thumb/v7-m/nofp\libc_nano.a(libc_a-impure.o)
__sflush_r                                        c:/users/mark/scoop/apps/gcc-arm-none-eabi/current/bin/../lib/gcc/arm-none-eabi/12.2.1/thumb/v7-m/nofp\libc_nano.a(libc_a-fflush.o)
__sfp                                             c:/users/mark/scoop/apps/gcc-arm-none-eabi/current/bin/../lib/gcc/arm-none-eabi/12.2.1/thumb/v7-m/nofp\libc_nano.a(libc_a-findfp.o)
__sfp_lock_acquire                                c:/users/mark/scoop/apps/gcc-arm-none-eabi/current/bin/../lib/gcc/arm-none-eabi/12.2.1/thumb/v7-m/nofp\libc_nano.a(libc_a-findfp.o)
__sfp_lock_release                                c:/users/mark/scoop/apps/gcc-arm-none-eabi/current/bin/../lib/gcc/arm-none-eabi/12.2.1/thumb/v7-m/nofp\libc_nano.a(libc_a-findfp.o)
__sglue                                           c:/users/mark/scoop/apps/gcc-arm-none-eabi/current/bin/../lib/gcc/arm-none-eabi/12.2.1/thumb/v7-m/nofp\libc_nano.a(libc_a-findfp.o)
                                                  c:/users/mark/scoop/apps/gcc-arm-none-eabi/current/bin/../lib/gcc/arm-none-eabi/12.2.1/thumb/v7-m/nofp\libc_nano.a(libc_a-fflush.o)
__sinit                                           c:/users/mark/scoop/apps/gcc-arm-none-eabi/current/bin/../lib/gcc/arm-none-eabi/12.2.1/thumb/v7-m/nofp\libc_nano.a(libc_a-findfp.o)
                                                  c:/users/mark/scoop/apps/gcc-arm-none-eabi/current/bin/../lib/gcc/arm-none-eabi/12.2.1/thumb/v7-m/nofp\libc_nano.a(libc_a-fflush.o)
__sread                                           c:/users/mark/scoop/apps/gcc-arm-none-eabi/current/bin/../lib/gcc/arm-none-eabi/12.2.1/thumb/v7-m/nofp\libc_nano.a(libc_a-stdio.o)
                                                  c:/users/mark/scoop/apps/gcc-arm-none-eabi/current/bin/../lib/gcc/arm-none-eabi/12.2.1/thumb/v7-m/nofp\libc_nano.a(libc_a-findfp.o)
__sseek                                           c:/users/mark/scoop/apps/gcc-arm-none-eabi/current/bin/../lib/gcc/arm-none-eabi/12.2.1/thumb/v7-m/nofp\libc_nano.a(libc_a-stdio.o)
                                                  c:/users/mark/scoop/apps/gcc-arm-none-eabi/current/bin/../lib/gcc/arm-none-eabi/12.2.1/thumb/v7-m/nofp\libc_nano.a(libc_a-findfp.o)
__stack                                           c:/users/mark/scoop/apps/gcc-arm-none-eabi/current/bin/../lib/gcc/arm-none-eabi/12.2.1/thumb/v7-m/nofp/crt0.o
__stdio_exit_handler                              c:/users/mark/scoop/apps/gcc-arm-none-eabi/current/bin/../lib/gcc/arm-none-eabi/12.2.1/thumb/v7-m/nofp\libc_nano.a(libc_a-findfp.o)
                                                  c:/users/mark/scoop/apps/gcc-arm-none-eabi/current/bin/../lib/gcc/arm-none-eabi/12.2.1/thumb/v7-m/nofp\libc_nano.a(libc_a-exit.o)
__swrite                                          c:/users/mark/scoop/apps/gcc-arm-none-eabi/current/bin/../lib/gcc/arm-none-eabi/12.2.1/thumb/v7-m/nofp\libc_nano.a(libc_a-stdio.o)
                                                  c:/users/mark/scoop/apps/gcc-arm-none-eabi/current/bin/../lib/gcc/arm-none-eabi/12.2.1/thumb/v7-m/nofp\libc_nano.a(libc_a-findfp.o)
_close                                            c:/users/mark/scoop/apps/gcc-arm-none-eabi/current/bin/../lib/gcc/arm-none-eabi/12.2.1/thumb/v7-m/nofp\libnosys.a(close.o)
                                                  c:/users/mark/scoop/apps/gcc-arm-none-eabi/current/bin/../lib/gcc/arm-none-eabi/12.2.1/thumb/v7-m/nofp\libc_nano.a(libc_a-closer.o)
_close_r                                          c:/users/mark/scoop/apps/gcc-arm-none-eabi/current/bin/../lib/gcc/arm-none-eabi/12.2.1/thumb/v7-m/nofp\libc_nano.a(libc_a-closer.o)
                                                  c:/users/mark/scoop/apps/gcc-arm-none-eabi/current/bin/../lib/gcc/arm-none-eabi/12.2.1/thumb/v7-m/nofp\libc_nano.a(libc_a-stdio.o)
_ebss                                             build/startup_stm32f103xb.o
_edata                                            build/startup_stm32f103xb.o
_estack                                           build/startup_stm32f103xb.o
_exit                                             c:/users/mark/scoop/apps/gcc-arm-none-eabi/current/bin/../lib/gcc/arm-none-eabi/12.2.1/thumb/v7-m/nofp\libnosys.a(_exit.o)
                                                  c:/users/mark/scoop/apps/gcc-arm-none-eabi/current/bin/../lib/gcc/arm-none-eabi/12.2.1/thumb/v7-m/nofp\libc_nano.a(libc_a-exit.o)
_fflush_r                                         c:/users/mark/scoop/apps/gcc-arm-none-eabi/current/bin/../lib/gcc/arm-none-eabi/12.2.1/thumb/v7-m/nofp\libc_nano.a(libc_a-fflush.o)
                                                  c:/users/mark/scoop/apps/gcc-arm-none-eabi/current/bin/../lib/gcc/arm-none-eabi/12.2.1/thumb/v7-m/nofp\libc_nano.a(libc_a-findfp.o)
_fini                                             c:/users/mark/scoop/apps/gcc-arm-none-eabi/current/bin/../lib/gcc/arm-none-eabi/12.2.1/thumb/v7-m/nofp/crti.o
_free_r                                           c:/users/mark/scoop/apps/gcc-arm-none-eabi/current/bin/../lib/gcc/arm-none-eabi/12.2.1/thumb/v7-m/nofp\libc_nano.a(libc_a-freer.o)
                                                  c:/users/mark/scoop/apps/gcc-arm-none-eabi/current/bin/../lib/gcc/arm-none-eabi/12.2.1/thumb/v7-m/nofp\libc_nano.a(libc_a-fflush.o)
                                                  c:/users/mark/scoop/apps/gcc-arm-none-eabi/current/bin/../lib/gcc/arm-none-eabi/12.2.1/thumb/v7-m/nofp\libc_nano.a(libc_a-reent.o)
_fwalk_sglue                                      c:/users/mark/scoop/apps/gcc-arm-none-eabi/current/bin/../lib/gcc/arm-none-eabi/12.2.1/thumb/v7-m/nofp\libc_nano.a(libc_a-fwalk.o)
                                                  c:/users/mark/scoop/apps/gcc-arm-none-eabi/current/bin/../lib/gcc/arm-none-eabi/12.2.1/thumb/v7-m/nofp\libc_nano.a(libc_a-fflush.o)
                                                  c:/users/mark/scoop/apps/gcc-arm-none-eabi/current/bin/../lib/gcc/arm-none-eabi/12.2.1/thumb/v7-m/nofp\libc_nano.a(libc_a-findfp.o)
_impure_data                                      c:/users/mark/scoop/apps/gcc-arm-none-eabi/current/bin/../lib/gcc/arm-none-eabi/12.2.1/thumb/v7-m/nofp\libc_nano.a(libc_a-impure.o)
                                                  c:/users/mark/scoop/apps/gcc-arm-none-eabi/current/bin/../lib/gcc/arm-none-eabi/12.2.1/thumb/v7-m/nofp\libc_nano.a(libc_a-fflush.o)
                                                  c:/users/mark/scoop/apps/gcc-arm-none-eabi/current/bin/../lib/gcc/arm-none-eabi/12.2.1/thumb/v7-m/nofp\libc_nano.a(libc_a-findfp.o)
_impure_ptr                                       c:/users/mark/scoop/apps/gcc-arm-none-eabi/current/bin/../lib/gcc/arm-none-eabi/12.2.1/thumb/v7-m/nofp\libc_nano.a(libc_a-impure.o)
                                                  c:/users/mark/scoop/apps/gcc-arm-none-eabi/current/bin/../lib/gcc/arm-none-eabi/12.2.1/thumb/v7-m/nofp\libc_nano.a(libc_a-fflush.o)
                                                  c:/users/mark/scoop/apps/gcc-arm-none-eabi/current/bin/../lib/gcc/arm-none-eabi/12.2.1/thumb/v7-m/nofp\libc_nano.a(libc_a-reent.o)
_init                                             c:/users/mark/scoop/apps/gcc-arm-none-eabi/current/bin/../lib/gcc/arm-none-eabi/12.2.1/thumb/v7-m/nofp/crti.o
                                                  c:/users/mark/scoop/apps/gcc-arm-none-eabi/current/bin/../lib/gcc/arm-none-eabi/12.2.1/thumb/v7-m/nofp\libc_nano.a(libc_a-init.o)
_lseek                                            c:/users/mark/scoop/apps/gcc-arm-none-eabi/current/bin/../lib/gcc/arm-none-eabi/12.2.1/thumb/v7-m/nofp\libnosys.a(lseek.o)
                                                  c:/users/mark/scoop/apps/gcc-arm-none-eabi/current/bin/../lib/gcc/arm-none-eabi/12.2.1/thumb/v7-m/nofp\libc_nano.a(libc_a-lseekr.o)
_lseek_r                                          c:/users/mark/scoop/apps/gcc-arm-none-eabi/current/bin/../lib/gcc/arm-none-eabi/12.2.1/thumb/v7-m/nofp\libc_nano.a(libc_a-lseekr.o)
                                                  c:/users/mark/scoop/apps/gcc-arm-none-eabi/current/bin/../lib/gcc/arm-none-eabi/12.2.1/thumb/v7-m/nofp\libc_nano.a(libc_a-stdio.o)
_mainCRTStartup                                   c:/users/mark/scoop/apps/gcc-arm-none-eabi/current/bin/../lib/gcc/arm-none-eabi/12.2.1/thumb/v7-m/nofp/crt0.o
_malloc_r                                         c:/users/mark/scoop/apps/gcc-arm-none-eabi/current/bin/../lib/gcc/arm-none-eabi/12.2.1/thumb/v7-m/nofp\libc_nano.a(libc_a-mallocr.o)
                                                  c:/users/mark/scoop/apps/gcc-arm-none-eabi/current/bin/../lib/gcc/arm-none-eabi/12.2.1/thumb/v7-m/nofp\libc_nano.a(libc_a-findfp.o)
_read                                             c:/users/mark/scoop/apps/gcc-arm-none-eabi/current/bin/../lib/gcc/arm-none-eabi/12.2.1/thumb/v7-m/nofp\libnosys.a(read.o)
                                                  c:/users/mark/scoop/apps/gcc-arm-none-eabi/current/bin/../lib/gcc/arm-none-eabi/12.2.1/thumb/v7-m/nofp\libc_nano.a(libc_a-readr.o)
_read_r                                           c:/users/mark/scoop/apps/gcc-arm-none-eabi/current/bin/../lib/gcc/arm-none-eabi/12.2.1/thumb/v7-m/nofp\libc_nano.a(libc_a-readr.o)
                                                  c:/users/mark/scoop/apps/gcc-arm-none-eabi/current/bin/../lib/gcc/arm-none-eabi/12.2.1/thumb/v7-m/nofp\libc_nano.a(libc_a-stdio.o)
_reclaim_reent                                    c:/users/mark/scoop/apps/gcc-arm-none-eabi/current/bin/../lib/gcc/arm-none-eabi/12.2.1/thumb/v7-m/nofp\libc_nano.a(libc_a-reent.o)
_sbrk                                             c:/users/mark/scoop/apps/gcc-arm-none-eabi/current/bin/../lib/gcc/arm-none-eabi/12.2.1/thumb/v7-m/nofp\libnosys.a(sbrk.o)
                                                  c:/users/mark/scoop/apps/gcc-arm-none-eabi/current/bin/../lib/gcc/arm-none-eabi/12.2.1/thumb/v7-m/nofp\libc_nano.a(libc_a-sbrkr.o)
_sbrk_r                                           c:/users/mark/scoop/apps/gcc-arm-none-eabi/current/bin/../lib/gcc/arm-none-eabi/12.2.1/thumb/v7-m/nofp\libc_nano.a(libc_a-sbrkr.o)
                                                  c:/users/mark/scoop/apps/gcc-arm-none-eabi/current/bin/../lib/gcc/arm-none-eabi/12.2.1/thumb/v7-m/nofp\libc_nano.a(libc_a-mallocr.o)
_sbss                                             build/startup_stm32f103xb.o
_sdata                                            build/startup_stm32f103xb.o
_sidata                                           build/startup_stm32f103xb.o
_stack_init                                       c:/users/mark/scoop/apps/gcc-arm-none-eabi/current/bin/../lib/gcc/arm-none-eabi/12.2.1/thumb/v7-m/nofp/crt0.o
_start                                            c:/users/mark/scoop/apps/gcc-arm-none-eabi/current/bin/../lib/gcc/arm-none-eabi/12.2.1/thumb/v7-m/nofp/crt0.o
_write                                            c:/users/mark/scoop/apps/gcc-arm-none-eabi/current/bin/../lib/gcc/arm-none-eabi/12.2.1/thumb/v7-m/nofp\libnosys.a(write.o)
                                                  c:/users/mark/scoop/apps/gcc-arm-none-eabi/current/bin/../lib/gcc/arm-none-eabi/12.2.1/thumb/v7-m/nofp\libc_nano.a(libc_a-writer.o)
_write_r                                          c:/users/mark/scoop/apps/gcc-arm-none-eabi/current/bin/../lib/gcc/arm-none-eabi/12.2.1/thumb/v7-m/nofp\libc_nano.a(libc_a-writer.o)
                                                  c:/users/mark/scoop/apps/gcc-arm-none-eabi/current/bin/../lib/gcc/arm-none-eabi/12.2.1/thumb/v7-m/nofp\libc_nano.a(libc_a-stdio.o)
atexit                                            c:/users/mark/scoop/apps/gcc-arm-none-eabi/current/bin/../lib/gcc/arm-none-eabi/12.2.1/thumb/v7-m/nofp/crt0.o
end                                               c:/users/mark/scoop/apps/gcc-arm-none-eabi/current/bin/../lib/gcc/arm-none-eabi/12.2.1/thumb/v7-m/nofp\libnosys.a(sbrk.o)
errno                                             c:/users/mark/scoop/apps/gcc-arm-none-eabi/current/bin/../lib/gcc/arm-none-eabi/12.2.1/thumb/v7-m/nofp\libc_nano.a(libc_a-reent.o)
                                                  c:/users/mark/scoop/apps/gcc-arm-none-eabi/current/bin/../lib/gcc/arm-none-eabi/12.2.1/thumb/v7-m/nofp\libnosys.a(write.o)
                                                  c:/users/mark/scoop/apps/gcc-arm-none-eabi/current/bin/../lib/gcc/arm-none-eabi/12.2.1/thumb/v7-m/nofp\libnosys.a(read.o)
                                                  c:/users/mark/scoop/apps/gcc-arm-none-eabi/current/bin/../lib/gcc/arm-none-eabi/12.2.1/thumb/v7-m/nofp\libnosys.a(lseek.o)
                                                  c:/users/mark/scoop/apps/gcc-arm-none-eabi/current/bin/../lib/gcc/arm-none-eabi/12.2.1/thumb/v7-m/nofp\libnosys.a(close.o)
                                                  c:/users/mark/scoop/apps/gcc-arm-none-eabi/current/bin/../lib/gcc/arm-none-eabi/12.2.1/thumb/v7-m/nofp\libc_nano.a(libc_a-sbrkr.o)
                                                  c:/users/mark/scoop/apps/gcc-arm-none-eabi/current/bin/../lib/gcc/arm-none-eabi/12.2.1/thumb/v7-m/nofp\libc_nano.a(libc_a-writer.o)
                                                  c:/users/mark/scoop/apps/gcc-arm-none-eabi/current/bin/../lib/gcc/arm-none-eabi/12.2.1/thumb/v7-m/nofp\libc_nano.a(libc_a-readr.o)
                                                  c:/users/mark/scoop/apps/gcc-arm-none-eabi/current/bin/../lib/gcc/arm-none-eabi/12.2.1/thumb/v7-m/nofp\libc_nano.a(libc_a-lseekr.o)
                                                  c:/users/mark/scoop/apps/gcc-arm-none-eabi/current/bin/../lib/gcc/arm-none-eabi/12.2.1/thumb/v7-m/nofp\libc_nano.a(libc_a-closer.o)
exit                                              c:/users/mark/scoop/apps/gcc-arm-none-eabi/current/bin/../lib/gcc/arm-none-eabi/12.2.1/thumb/v7-m/nofp\libc_nano.a(libc_a-exit.o)
                                                  c:/users/mark/scoop/apps/gcc-arm-none-eabi/current/bin/../lib/gcc/arm-none-eabi/12.2.1/thumb/v7-m/nofp/crt0.o
fflush                                            c:/users/mark/scoop/apps/gcc-arm-none-eabi/current/bin/../lib/gcc/arm-none-eabi/12.2.1/thumb/v7-m/nofp\libc_nano.a(libc_a-fflush.o)
g_pfnVectors                                      build/startup_stm32f103xb.o
hardware_init_hook                                c:/users/mark/scoop/apps/gcc-arm-none-eabi/current/bin/../lib/gcc/arm-none-eabi/12.2.1/thumb/v7-m/nofp/crt0.o
main                                              build/main.o
                                                  build/startup_stm32f103xb.o
                                                  c:/users/mark/scoop/apps/gcc-arm-none-eabi/current/bin/../lib/gcc/arm-none-eabi/12.2.1/thumb/v7-m/nofp/crt0.o
memset                                            c:/users/mark/scoop/apps/gcc-arm-none-eabi/current/bin/../lib/gcc/arm-none-eabi/12.2.1/thumb/v7-m/nofp\libc_nano.a(libc_a-memset.o)
                                                  c:/users/mark/scoop/apps/gcc-arm-none-eabi/current/bin/../lib/gcc/arm-none-eabi/12.2.1/thumb/v7-m/nofp\libc_nano.a(libc_a-findfp.o)
                                                  c:/users/mark/scoop/apps/gcc-arm-none-eabi/current/bin/../lib/gcc/arm-none-eabi/12.2.1/thumb/v7-m/nofp/crt0.o
software_init_hook                                c:/users/mark/scoop/apps/gcc-arm-none-eabi/current/bin/../lib/gcc/arm-none-eabi/12.2.1/thumb/v7-m/nofp/crt0.o
